Archive member included to satisfy reference by file (symbol)

d:/stm32cubeide/stm32cubeide_1.7.0/stm32cubeide/plugins/com.st.stm32cube.ide.mcu.externaltools.gnu-tools-for-stm32.9-2020-q2-update.win32_2.0.0.202105311346/tools/bin/../lib/gcc/arm-none-eabi/9.3.1/../../../../arm-none-eabi/lib/thumb/v7-m/nofp\libc_nano.a(lib_a-errno.o)
                              ./Core/Src/syscalls.o (__errno)
d:/stm32cubeide/stm32cubeide_1.7.0/stm32cubeide/plugins/com.st.stm32cube.ide.mcu.externaltools.gnu-tools-for-stm32.9-2020-q2-update.win32_2.0.0.202105311346/tools/bin/../lib/gcc/arm-none-eabi/9.3.1/../../../../arm-none-eabi/lib/thumb/v7-m/nofp\libc_nano.a(lib_a-exit.o)
                              d:/stm32cubeide/stm32cubeide_1.7.0/stm32cubeide/plugins/com.st.stm32cube.ide.mcu.externaltools.gnu-tools-for-stm32.9-2020-q2-update.win32_2.0.0.202105311346/tools/bin/../lib/gcc/arm-none-eabi/9.3.1/../../../../arm-none-eabi/lib/thumb/v7-m/nofp/crt0.o (exit)
d:/stm32cubeide/stm32cubeide_1.7.0/stm32cubeide/plugins/com.st.stm32cube.ide.mcu.externaltools.gnu-tools-for-stm32.9-2020-q2-update.win32_2.0.0.202105311346/tools/bin/../lib/gcc/arm-none-eabi/9.3.1/../../../../arm-none-eabi/lib/thumb/v7-m/nofp\libc_nano.a(lib_a-impure.o)
                              d:/stm32cubeide/stm32cubeide_1.7.0/stm32cubeide/plugins/com.st.stm32cube.ide.mcu.externaltools.gnu-tools-for-stm32.9-2020-q2-update.win32_2.0.0.202105311346/tools/bin/../lib/gcc/arm-none-eabi/9.3.1/../../../../arm-none-eabi/lib/thumb/v7-m/nofp\libc_nano.a(lib_a-exit.o) (_global_impure_ptr)
d:/stm32cubeide/stm32cubeide_1.7.0/stm32cubeide/plugins/com.st.stm32cube.ide.mcu.externaltools.gnu-tools-for-stm32.9-2020-q2-update.win32_2.0.0.202105311346/tools/bin/../lib/gcc/arm-none-eabi/9.3.1/../../../../arm-none-eabi/lib/thumb/v7-m/nofp\libc_nano.a(lib_a-init.o)
                              d:/stm32cubeide/stm32cubeide_1.7.0/stm32cubeide/plugins/com.st.stm32cube.ide.mcu.externaltools.gnu-tools-for-stm32.9-2020-q2-update.win32_2.0.0.202105311346/tools/bin/../lib/gcc/arm-none-eabi/9.3.1/../../../../arm-none-eabi/lib/thumb/v7-m/nofp/crt0.o (__libc_init_array)
d:/stm32cubeide/stm32cubeide_1.7.0/stm32cubeide/plugins/com.st.stm32cube.ide.mcu.externaltools.gnu-tools-for-stm32.9-2020-q2-update.win32_2.0.0.202105311346/tools/bin/../lib/gcc/arm-none-eabi/9.3.1/../../../../arm-none-eabi/lib/thumb/v7-m/nofp\libc_nano.a(lib_a-memset.o)
                              d:/stm32cubeide/stm32cubeide_1.7.0/stm32cubeide/plugins/com.st.stm32cube.ide.mcu.externaltools.gnu-tools-for-stm32.9-2020-q2-update.win32_2.0.0.202105311346/tools/bin/../lib/gcc/arm-none-eabi/9.3.1/../../../../arm-none-eabi/lib/thumb/v7-m/nofp/crt0.o (memset)

Allocating common symbols
Common symbol       size              file

uwTick              0x4               ./Drivers/STM32F1xx_HAL_Driver/Src/stm32f1xx_hal.o
pFlash              0x20              ./Drivers/STM32F1xx_HAL_Driver/Src/stm32f1xx_hal_flash.o
htim3               0x48              ./Core/Src/main.o
htim2               0x48              ./Core/Src/main.o
Scheduler_Task_Array
                    0x320             ./Core/Src/scheduler.o

Discarded input sections

 .text          0x0000000000000000        0x0 d:/stm32cubeide/stm32cubeide_1.7.0/stm32cubeide/plugins/com.st.stm32cube.ide.mcu.externaltools.gnu-tools-for-stm32.9-2020-q2-update.win32_2.0.0.202105311346/tools/bin/../lib/gcc/arm-none-eabi/9.3.1/thumb/v7-m/nofp/crti.o
 .data          0x0000000000000000        0x0 d:/stm32cubeide/stm32cubeide_1.7.0/stm32cubeide/plugins/com.st.stm32cube.ide.mcu.externaltools.gnu-tools-for-stm32.9-2020-q2-update.win32_2.0.0.202105311346/tools/bin/../lib/gcc/arm-none-eabi/9.3.1/thumb/v7-m/nofp/crti.o
 .bss           0x0000000000000000        0x0 d:/stm32cubeide/stm32cubeide_1.7.0/stm32cubeide/plugins/com.st.stm32cube.ide.mcu.externaltools.gnu-tools-for-stm32.9-2020-q2-update.win32_2.0.0.202105311346/tools/bin/../lib/gcc/arm-none-eabi/9.3.1/thumb/v7-m/nofp/crti.o
 .data          0x0000000000000000        0x4 d:/stm32cubeide/stm32cubeide_1.7.0/stm32cubeide/plugins/com.st.stm32cube.ide.mcu.externaltools.gnu-tools-for-stm32.9-2020-q2-update.win32_2.0.0.202105311346/tools/bin/../lib/gcc/arm-none-eabi/9.3.1/thumb/v7-m/nofp/crtbegin.o
 .text          0x0000000000000000       0x7c d:/stm32cubeide/stm32cubeide_1.7.0/stm32cubeide/plugins/com.st.stm32cube.ide.mcu.externaltools.gnu-tools-for-stm32.9-2020-q2-update.win32_2.0.0.202105311346/tools/bin/../lib/gcc/arm-none-eabi/9.3.1/../../../../arm-none-eabi/lib/thumb/v7-m/nofp/crt0.o
 .data          0x0000000000000000        0x0 d:/stm32cubeide/stm32cubeide_1.7.0/stm32cubeide/plugins/com.st.stm32cube.ide.mcu.externaltools.gnu-tools-for-stm32.9-2020-q2-update.win32_2.0.0.202105311346/tools/bin/../lib/gcc/arm-none-eabi/9.3.1/../../../../arm-none-eabi/lib/thumb/v7-m/nofp/crt0.o
[...]
Memory Configuration

Name             Origin             Length             Attributes
RAM              0x0000000020000000 0x0000000000005000 xrw
FLASH            0x0000000008000000 0x0000000000020000 xr
*default*        0x0000000000000000 0xffffffffffffffff

Linker script and memory map

LOAD d:/stm32cubeide/stm32cubeide_1.7.0/stm32cubeide/plugins/com.st.stm32cube.ide.mcu.externaltools.gnu-tools-for-stm32.9-2020-q2-update.win32_2.0.0.202105311346/tools/bin/../lib/gcc/arm-none-eabi/9.3.1/thumb/v7-m/nofp/crti.o
LOAD d:/stm32cubeide/stm32cubeide_1.7.0/stm32cubeide/plugins/com.st.stm32cube.ide.mcu.externaltools.gnu-tools-for-stm32.9-2020-q2-update.win32_2.0.0.202105311346/tools/bin/../lib/gcc/arm-none-eabi/9.3.1/thumb/v7-m/nofp/crtbegin.o
LOAD d:/stm32cubeide/stm32cubeide_1.7.0/stm32cubeide/plugins/com.st.stm32cube.ide.mcu.externaltools.gnu-tools-for-stm32.9-2020-q2-update.win32_2.0.0.202105311346/tools/bin/../lib/gcc/arm-none-eabi/9.3.1/../../../../arm-none-eabi/lib/thumb/v7-m/nofp/crt0.o
LOAD ./Core/Src/button.o
LOAD ./Core/Src/fsm_traffic.o
LOAD ./Core/Src/global.o
LOAD ./Core/Src/led_7_seg.o
LOAD ./Core/Src/main.o
LOAD ./Core/Src/pedestrian.o
LOAD ./Core/Src/scheduler.o
LOAD ./Core/Src/stm32f1xx_hal_msp.o
LOAD ./Core/Src/stm32f1xx_it.o
LOAD ./Core/Src/syscalls.o
LOAD ./Core/Src/sysmem.o
LOAD ./Core/Src/system_stm32f1xx.o
LOAD ./Core/Src/timer.o
LOAD ./Core/Src/traffic_led.o
LOAD ./Core/Startup/startup_stm32f103rbtx.o
LOAD ./Drivers/STM32F1xx_HAL_Driver/Src/stm32f1xx_hal.o
LOAD ./Drivers/STM32F1xx_HAL_Driver/Src/stm32f1xx_hal_cortex.o
LOAD ./Drivers/STM32F1xx_HAL_Driver/Src/stm32f1xx_hal_dma.o
LOAD ./Drivers/STM32F1xx_HAL_Driver/Src/stm32f1xx_hal_exti.o
LOAD ./Drivers/STM32F1xx_HAL_Driver/Src/stm32f1xx_hal_flash.o
LOAD ./Drivers/STM32F1xx_HAL_Driver/Src/stm32f1xx_hal_flash_ex.o
LOAD ./Drivers/STM32F1xx_HAL_Driver/Src/stm32f1xx_hal_gpio.o
LOAD ./Drivers/STM32F1xx_HAL_Driver/Src/stm32f1xx_hal_gpio_ex.o
LOAD ./Drivers/STM32F1xx_HAL_Driver/Src/stm32f1xx_hal_pwr.o
LOAD ./Drivers/STM32F1xx_HAL_Driver/Src/stm32f1xx_hal_rcc.o
LOAD ./Drivers/STM32F1xx_HAL_Driver/Src/stm32f1xx_hal_rcc_ex.o
LOAD ./Drivers/STM32F1xx_HAL_Driver/Src/stm32f1xx_hal_tim.o
LOAD ./Drivers/STM32F1xx_HAL_Driver/Src/stm32f1xx_hal_tim_ex.o
START GROUP
LOAD d:/stm32cubeide/stm32cubeide_1.7.0/stm32cubeide/plugins/com.st.stm32cube.ide.mcu.externaltools.gnu-tools-for-stm32.9-2020-q2-update.win32_2.0.0.202105311346/tools/bin/../lib/gcc/arm-none-eabi/9.3.1/../../../../arm-none-eabi/lib/thumb/v7-m/nofp\libc_nano.a
LOAD d:/stm32cubeide/stm32cubeide_1.7.0/stm32cubeide/plugins/com.st.stm32cube.ide.mcu.externaltools.gnu-tools-for-stm32.9-2020-q2-update.win32_2.0.0.202105311346/tools/bin/../lib/gcc/arm-none-eabi/9.3.1/../../../../arm-none-eabi/lib/thumb/v7-m/nofp\libm.a
END GROUP
START GROUP
LOAD d:/stm32cubeide/stm32cubeide_1.7.0/stm32cubeide/plugins/com.st.stm32cube.ide.mcu.externaltools.gnu-tools-for-stm32.9-2020-q2-update.win32_2.0.0.202105311346/tools/bin/../lib/gcc/arm-none-eabi/9.3.1/thumb/v7-m/nofp\libgcc.a
LOAD d:/stm32cubeide/stm32cubeide_1.7.0/stm32cubeide/plugins/com.st.stm32cube.ide.mcu.externaltools.gnu-tools-for-stm32.9-2020-q2-update.win32_2.0.0.202105311346/tools/bin/../lib/gcc/arm-none-eabi/9.3.1/../../../../arm-none-eabi/lib/thumb/v7-m/nofp\libc_nano.a
END GROUP
START GROUP
LOAD d:/stm32cubeide/stm32cubeide_1.7.0/stm32cubeide/plugins/com.st.stm32cube.ide.mcu.externaltools.gnu-tools-for-stm32.9-2020-q2-update.win32_2.0.0.202105311346/tools/bin/../lib/gcc/arm-none-eabi/9.3.1/thumb/v7-m/nofp\libgcc.a
LOAD d:/stm32cubeide/stm32cubeide_1.7.0/stm32cubeide/plugins/com.st.stm32cube.ide.mcu.externaltools.gnu-tools-for-stm32.9-2020-q2-update.win32_2.0.0.202105311346/tools/bin/../lib/gcc/arm-none-eabi/9.3.1/../../../../arm-none-eabi/lib/thumb/v7-m/nofp\libc_nano.a
LOAD d:/stm32cubeide/stm32cubeide_1.7.0/stm32cubeide/plugins/com.st.stm32cube.ide.mcu.externaltools.gnu-tools-for-stm32.9-2020-q2-update.win32_2.0.0.202105311346/tools/bin/../lib/gcc/arm-none-eabi/9.3.1/../../../../arm-none-eabi/lib/thumb/v7-m/nofp\libnosys.a
END GROUP
START GROUP
LOAD d:/stm32cubeide/stm32cubeide_1.7.0/stm32cubeide/plugins/com.st.stm32cube.ide.mcu.externaltools.gnu-tools-for-stm32.9-2020-q2-update.win32_2.0.0.202105311346/tools/bin/../lib/gcc/arm-none-eabi/9.3.1/thumb/v7-m/nofp\libgcc.a
LOAD d:/stm32cubeide/stm32cubeide_1.7.0/stm32cubeide/plugins/com.st.stm32cube.ide.mcu.externaltools.gnu-tools-for-stm32.9-2020-q2-update.win32_2.0.0.202105311346/tools/bin/../lib/gcc/arm-none-eabi/9.3.1/../../../../arm-none-eabi/lib/thumb/v7-m/nofp\libc_nano.a
LOAD d:/stm32cubeide/stm32cubeide_1.7.0/stm32cubeide/plugins/com.st.stm32cube.ide.mcu.externaltools.gnu-tools-for-stm32.9-2020-q2-update.win32_2.0.0.202105311346/tools/bin/../lib/gcc/arm-none-eabi/9.3.1/../../../../arm-none-eabi/lib/thumb/v7-m/nofp\libnosys.a
END GROUP
LOAD d:/stm32cubeide/stm32cubeide_1.7.0/stm32cubeide/plugins/com.st.stm32cube.ide.mcu.externaltools.gnu-tools-for-stm32.9-2020-q2-update.win32_2.0.0.202105311346/tools/bin/../lib/gcc/arm-none-eabi/9.3.1/thumb/v7-m/nofp/crtend.o
LOAD d:/stm32cubeide/stm32cubeide_1.7.0/stm32cubeide/plugins/com.st.stm32cube.ide.mcu.externaltools.gnu-tools-for-stm32.9-2020-q2-update.win32_2.0.0.202105311346/tools/bin/../lib/gcc/arm-none-eabi/9.3.1/thumb/v7-m/nofp/crtn.o
                0x0000000020005000                _estack = (ORIGIN (RAM) + LENGTH (RAM))
                0x0000000000000200                _Min_Heap_Size = 0x200
                0x0000000000000400                _Min_Stack_Size = 0x400

.isr_vector     0x0000000008000000      0x10c
                0x0000000008000000                . = ALIGN (0x4)
 *(.isr_vector)
 .isr_vector    0x0000000008000000      0x10c ./Core/Startup/startup_stm32f103rbtx.o
                0x0000000008000000                g_pfnVectors
                0x000000000800010c                . = ALIGN (0x4)

.text           0x000000000800010c     0x3074
                0x000000000800010c                . = ALIGN (0x4)
 *(.text)
 .text          0x000000000800010c       0x40 d:/stm32cubeide/stm32cubeide_1.7.0/stm32cubeide/plugins/com.st.stm32cube.ide.mcu.externaltools.gnu-tools-for-stm32.9-2020-q2-update.win32_2.0.0.202105311346/tools/bin/../lib/gcc/arm-none-eabi/9.3.1/thumb/v7-m/nofp/crtbegin.o
 *(.text*)
 .text.is_pressed
                0x000000000800014c       0x3c ./Core/Src/button.o
                0x000000000800014c                is_pressed
 .text.read_input
                0x0000000008000188      0x108 ./Core/Src/button.o
                0x0000000008000188                read_input
 .text.fsm_for_button
                0x0000000008000290       0xdc ./Core/Src/button.o
                0x0000000008000290                fsm_for_button
 .text.fsm_traffic_1_run
                0x000000000800036c       0xbc ./Core/Src/fsm_traffic.o
                0x000000000800036c                fsm_traffic_1_run
 .text.fsm_traffic_2_run
                0x0000000008000428       0xbc ./Core/Src/fsm_traffic.o
                0x0000000008000428                fsm_traffic_2_run
 .text.fsm_system_run
                0x00000000080004e4      0x39c ./Core/Src/fsm_traffic.o
                0x00000000080004e4                fsm_system_run
 .text.update_buffer_high
                0x0000000008000880       0x5c ./Core/Src/led_7_seg.o
                0x0000000008000880                update_buffer_high
 .text.update_buffer_low
                0x00000000080008dc       0x5c ./Core/Src/led_7_seg.o
                0x00000000080008dc                update_buffer_low
 .text.main     0x0000000008000938       0x48 ./Core/Src/main.o
                0x0000000008000938                main
 .text.SystemClock_Config
                0x0000000008000980       0x82 ./Core/Src/main.o
                0x0000000008000980                SystemClock_Config
 *fill*         0x0000000008000a02        0x2 
 .text.MX_TIM2_Init
                0x0000000008000a04       0x98 ./Core/Src/main.o
 .text.MX_TIM3_Init
                0x0000000008000a9c       0xec ./Core/Src/main.o
 .text.MX_GPIO_Init
                0x0000000008000b88       0xdc ./Core/Src/main.o
 .text.HAL_TIM_PeriodElapsedCallback
                0x0000000008000c64       0x18 ./Core/Src/main.o
                0x0000000008000c64                HAL_TIM_PeriodElapsedCallback
 .text.Error_Handler
                0x0000000008000c7c        0xa ./Core/Src/main.o
                0x0000000008000c7c                Error_Handler
 *fill*         0x0000000008000c86        0x2 
 .text.turn_on_buzzer
                0x0000000008000c88       0x28 ./Core/Src/pedestrian.o
                0x0000000008000c88                turn_on_buzzer
 .text.turn_off_buzzer
                0x0000000008000cb0       0x24 ./Core/Src/pedestrian.o
                0x0000000008000cb0                turn_off_buzzer
 .text.turn_on_led_PED
                0x0000000008000cd4       0x84 ./Core/Src/pedestrian.o
                0x0000000008000cd4                turn_on_led_PED
 .text.turn_off_led_PED
                0x0000000008000d58       0x28 ./Core/Src/pedestrian.o
                0x0000000008000d58                turn_off_led_PED
 .text.fsm_pedestrian_run
                0x0000000008000d80      0x1fc ./Core/Src/pedestrian.o
                0x0000000008000d80                fsm_pedestrian_run
 .text.HAL_MspInit
                0x0000000008000f7c       0x64 ./Core/Src/stm32f1xx_hal_msp.o
                0x0000000008000f7c                HAL_MspInit
 .text.HAL_TIM_Base_MspInit
                0x0000000008000fe0       0x70 ./Core/Src/stm32f1xx_hal_msp.o
                0x0000000008000fe0                HAL_TIM_Base_MspInit
 .text.HAL_TIM_MspPostInit
                0x0000000008001050       0x64 ./Core/Src/stm32f1xx_hal_msp.o
                0x0000000008001050                HAL_TIM_MspPostInit
 .text.NMI_Handler
                0x00000000080010b4        0x6 ./Core/Src/stm32f1xx_it.o
                0x00000000080010b4                NMI_Handler
 .text.HardFault_Handler
                0x00000000080010ba        0x6 ./Core/Src/stm32f1xx_it.o
                0x00000000080010ba                HardFault_Handler
 .text.MemManage_Handler
                0x00000000080010c0        0x6 ./Core/Src/stm32f1xx_it.o
                0x00000000080010c0                MemManage_Handler
 .text.BusFault_Handler
                0x00000000080010c6        0x6 ./Core/Src/stm32f1xx_it.o
                0x00000000080010c6                BusFault_Handler
 .text.UsageFault_Handler
                0x00000000080010cc        0x6 ./Core/Src/stm32f1xx_it.o
                0x00000000080010cc                UsageFault_Handler
 .text.SVC_Handler
                0x00000000080010d2        0xc ./Core/Src/stm32f1xx_it.o
                0x00000000080010d2                SVC_Handler
 .text.DebugMon_Handler
                0x00000000080010de        0xc ./Core/Src/stm32f1xx_it.o
                0x00000000080010de                DebugMon_Handler
 .text.PendSV_Handler
                0x00000000080010ea        0xc ./Core/Src/stm32f1xx_it.o
                0x00000000080010ea                PendSV_Handler
 .text.SysTick_Handler
                0x00000000080010f6        0xc ./Core/Src/stm32f1xx_it.o
                0x00000000080010f6                SysTick_Handler
 *fill*         0x0000000008001102        0x2 
 .text.TIM2_IRQHandler
                0x0000000008001104       0x14 ./Core/Src/stm32f1xx_it.o
                0x0000000008001104                TIM2_IRQHandler
 .text.SystemInit
                0x0000000008001118        0xc ./Core/Src/system_stm32f1xx.o
                0x0000000008001118                SystemInit
 .text.set_timer
                0x0000000008001124       0x34 ./Core/Src/timer.o
                0x0000000008001124                set_timer
 .text.clear_timer
                0x0000000008001158       0x30 ./Core/Src/timer.o
                0x0000000008001158                clear_timer
 .text.get_time_of_counter
                0x0000000008001188       0x28 ./Core/Src/timer.o
                0x0000000008001188                get_time_of_counter
 .text.is_timer_timeout
                0x00000000080011b0       0x34 ./Core/Src/timer.o
                0x00000000080011b0                is_timer_timeout
 .text.timer_run
                0x00000000080011e4       0x60 ./Core/Src/timer.o
                0x00000000080011e4                timer_run
 .text.turn_on_traffic_led_1
                0x0000000008001244       0x7c ./Core/Src/traffic_led.o
                0x0000000008001244                turn_on_traffic_led_1
 .text.turn_off_traffic_led_1
                0x00000000080012c0       0x28 ./Core/Src/traffic_led.o
                0x00000000080012c0                turn_off_traffic_led_1
 .text.turn_on_traffic_led_2
                0x00000000080012e8       0x94 ./Core/Src/traffic_led.o
                0x00000000080012e8                turn_on_traffic_led_2
 .text.turn_off_traffic_led_2
                0x000000000800137c       0x20 ./Core/Src/traffic_led.o
                0x000000000800137c                turn_off_traffic_led_2
 .text.blinking_led_traffic
                0x000000000800139c       0x54 ./Core/Src/traffic_led.o
                0x000000000800139c                blinking_led_traffic
 .text.Reset_Handler
                0x00000000080013f0       0x48 ./Core/Startup/startup_stm32f103rbtx.o
                0x00000000080013f0                Reset_Handler
 .text.Default_Handler
                0x0000000008001438        0x2 ./Core/Startup/startup_stm32f103rbtx.o
                0x0000000008001438                RTC_Alarm_IRQHandler
                0x0000000008001438                EXTI2_IRQHandler
                0x0000000008001438                TIM1_CC_IRQHandler
                0x0000000008001438                PVD_IRQHandler
                0x0000000008001438                EXTI3_IRQHandler
                0x0000000008001438                EXTI0_IRQHandler
                0x0000000008001438                I2C2_EV_IRQHandler
                0x0000000008001438                ADC1_2_IRQHandler
                0x0000000008001438                SPI1_IRQHandler
                0x0000000008001438                TAMPER_IRQHandler
                0x0000000008001438                DMA1_Channel4_IRQHandler
                0x0000000008001438                USART3_IRQHandler
                0x0000000008001438                RTC_IRQHandler
                0x0000000008001438                DMA1_Channel7_IRQHandler
                0x0000000008001438                CAN1_RX1_IRQHandler
                0x0000000008001438                TIM4_IRQHandler
                0x0000000008001438                I2C1_EV_IRQHandler
                0x0000000008001438                DMA1_Channel6_IRQHandler
                0x0000000008001438                TIM3_IRQHandler
                0x0000000008001438                RCC_IRQHandler
                0x0000000008001438                TIM1_TRG_COM_IRQHandler
                0x0000000008001438                DMA1_Channel1_IRQHandler
                0x0000000008001438                Default_Handler
                0x0000000008001438                EXTI15_10_IRQHandler
                0x0000000008001438                EXTI9_5_IRQHandler
                0x0000000008001438                SPI2_IRQHandler
                0x0000000008001438                DMA1_Channel5_IRQHandler
                0x0000000008001438                EXTI4_IRQHandler
                0x0000000008001438                USB_LP_CAN1_RX0_IRQHandler
                0x0000000008001438                USB_HP_CAN1_TX_IRQHandler
                0x0000000008001438                DMA1_Channel3_IRQHandler
                0x0000000008001438                TIM1_UP_IRQHandler
                0x0000000008001438                WWDG_IRQHandler
                0x0000000008001438                TIM1_BRK_IRQHandler
                0x0000000008001438                EXTI1_IRQHandler
                0x0000000008001438                USART2_IRQHandler
                0x0000000008001438                I2C2_ER_IRQHandler
                0x0000000008001438                DMA1_Channel2_IRQHandler
                0x0000000008001438                CAN1_SCE_IRQHandler
                0x0000000008001438                FLASH_IRQHandler
                0x0000000008001438                USART1_IRQHandler
                0x0000000008001438                I2C1_ER_IRQHandler
                0x0000000008001438                USBWakeUp_IRQHandler
 *fill*         0x000000000800143a        0x2 
 .text.HAL_Init
                0x000000000800143c       0x2c ./Drivers/STM32F1xx_HAL_Driver/Src/stm32f1xx_hal.o
                0x000000000800143c                HAL_Init
 .text.HAL_InitTick
                0x0000000008001468       0x60 ./Drivers/STM32F1xx_HAL_Driver/Src/stm32f1xx_hal.o
                0x0000000008001468                HAL_InitTick
 .text.HAL_IncTick
                0x00000000080014c8       0x24 ./Drivers/STM32F1xx_HAL_Driver/Src/stm32f1xx_hal.o
                0x00000000080014c8                HAL_IncTick
 .text.HAL_GetTick
                0x00000000080014ec       0x14 ./Drivers/STM32F1xx_HAL_Driver/Src/stm32f1xx_hal.o
                0x00000000080014ec                HAL_GetTick
 .text.__NVIC_SetPriorityGrouping
                0x0000000008001500       0x48 ./Drivers/STM32F1xx_HAL_Driver/Src/stm32f1xx_hal_cortex.o
 .text.__NVIC_GetPriorityGrouping
                0x0000000008001548       0x1c ./Drivers/STM32F1xx_HAL_Driver/Src/stm32f1xx_hal_cortex.o
 .text.__NVIC_EnableIRQ
                0x0000000008001564       0x38 ./Drivers/STM32F1xx_HAL_Driver/Src/stm32f1xx_hal_cortex.o
 .text.__NVIC_SetPriority
                0x000000000800159c       0x54 ./Drivers/STM32F1xx_HAL_Driver/Src/stm32f1xx_hal_cortex.o
 .text.NVIC_EncodePriority
                0x00000000080015f0       0x64 ./Drivers/STM32F1xx_HAL_Driver/Src/stm32f1xx_hal_cortex.o
 .text.SysTick_Config
                0x0000000008001654       0x44 ./Drivers/STM32F1xx_HAL_Driver/Src/stm32f1xx_hal_cortex.o
 .text.HAL_NVIC_SetPriorityGrouping
                0x0000000008001698       0x16 ./Drivers/STM32F1xx_HAL_Driver/Src/stm32f1xx_hal_cortex.o
                0x0000000008001698                HAL_NVIC_SetPriorityGrouping
 .text.HAL_NVIC_SetPriority
                0x00000000080016ae       0x38 ./Drivers/STM32F1xx_HAL_Driver/Src/stm32f1xx_hal_cortex.o
                0x00000000080016ae                HAL_NVIC_SetPriority
 .text.HAL_NVIC_EnableIRQ
                0x00000000080016e6       0x1c ./Drivers/STM32F1xx_HAL_Driver/Src/stm32f1xx_hal_cortex.o
                0x00000000080016e6                HAL_NVIC_EnableIRQ
 .text.HAL_SYSTICK_Config
                0x0000000008001702       0x18 ./Drivers/STM32F1xx_HAL_Driver/Src/stm32f1xx_hal_cortex.o
                0x0000000008001702                HAL_SYSTICK_Config
 *fill*         0x000000000800171a        0x2 
 .text.HAL_GPIO_Init
                0x000000000800171c      0x308 ./Drivers/STM32F1xx_HAL_Driver/Src/stm32f1xx_hal_gpio.o
                0x000000000800171c                HAL_GPIO_Init
 .text.HAL_GPIO_ReadPin
                0x0000000008001a24       0x2e ./Drivers/STM32F1xx_HAL_Driver/Src/stm32f1xx_hal_gpio.o
                0x0000000008001a24                HAL_GPIO_ReadPin
 .text.HAL_GPIO_WritePin
                0x0000000008001a52       0x30 ./Drivers/STM32F1xx_HAL_Driver/Src/stm32f1xx_hal_gpio.o
                0x0000000008001a52                HAL_GPIO_WritePin
 *fill*         0x0000000008001a82        0x2 
 .text.HAL_RCC_OscConfig
                0x0000000008001a84      0x500 ./Drivers/STM32F1xx_HAL_Driver/Src/stm32f1xx_hal_rcc.o
                0x0000000008001a84                HAL_RCC_OscConfig
 .text.HAL_RCC_ClockConfig
                0x0000000008001f84      0x1d4 ./Drivers/STM32F1xx_HAL_Driver/Src/stm32f1xx_hal_rcc.o
                0x0000000008001f84                HAL_RCC_ClockConfig
 .text.HAL_RCC_GetSysClockFreq
                0x0000000008002158       0xc0 ./Drivers/STM32F1xx_HAL_Driver/Src/stm32f1xx_hal_rcc.o
                0x0000000008002158                HAL_RCC_GetSysClockFreq
 .text.RCC_Delay
                0x0000000008002218       0x3c ./Drivers/STM32F1xx_HAL_Driver/Src/stm32f1xx_hal_rcc.o
 .text.HAL_TIM_Base_Init
                0x0000000008002254       0x9e ./Drivers/STM32F1xx_HAL_Driver/Src/stm32f1xx_hal_tim.o
                0x0000000008002254                HAL_TIM_Base_Init
 *fill*         0x00000000080022f2        0x2 
 .text.HAL_TIM_Base_Start_IT
                0x00000000080022f4       0xa4 ./Drivers/STM32F1xx_HAL_Driver/Src/stm32f1xx_hal_tim.o
                0x00000000080022f4                HAL_TIM_Base_Start_IT
 .text.HAL_TIM_PWM_Init
                0x0000000008002398       0x9e ./Drivers/STM32F1xx_HAL_Driver/Src/stm32f1xx_hal_tim.o
                0x0000000008002398                HAL_TIM_PWM_Init
 .text.HAL_TIM_PWM_MspInit
                0x0000000008002436       0x12 ./Drivers/STM32F1xx_HAL_Driver/Src/stm32f1xx_hal_tim.o
                0x0000000008002436                HAL_TIM_PWM_MspInit
 .text.HAL_TIM_PWM_Start
                0x0000000008002448      0x144 ./Drivers/STM32F1xx_HAL_Driver/Src/stm32f1xx_hal_tim.o
                0x0000000008002448                HAL_TIM_PWM_Start
 .text.HAL_TIM_IRQHandler
                0x000000000800258c      0x210 ./Drivers/STM32F1xx_HAL_Driver/Src/stm32f1xx_hal_tim.o
                0x000000000800258c                HAL_TIM_IRQHandler
 .text.HAL_TIM_PWM_ConfigChannel
                0x000000000800279c      0x17c ./Drivers/STM32F1xx_HAL_Driver/Src/stm32f1xx_hal_tim.o
                0x000000000800279c                HAL_TIM_PWM_ConfigChannel
 .text.HAL_TIM_ConfigClockSource
                0x0000000008002918      0x188 ./Drivers/STM32F1xx_HAL_Driver/Src/stm32f1xx_hal_tim.o
                0x0000000008002918                HAL_TIM_ConfigClockSource
 .text.HAL_TIM_OC_DelayElapsedCallback
                0x0000000008002aa0       0x12 ./Drivers/STM32F1xx_HAL_Driver/Src/stm32f1xx_hal_tim.o
                0x0000000008002aa0                HAL_TIM_OC_DelayElapsedCallback
 .text.HAL_TIM_IC_CaptureCallback
                0x0000000008002ab2       0x12 ./Drivers/STM32F1xx_HAL_Driver/Src/stm32f1xx_hal_tim.o
                0x0000000008002ab2                HAL_TIM_IC_CaptureCallback
 .text.HAL_TIM_PWM_PulseFinishedCallback
                0x0000000008002ac4       0x12 ./Drivers/STM32F1xx_HAL_Driver/Src/stm32f1xx_hal_tim.o
                0x0000000008002ac4                HAL_TIM_PWM_PulseFinishedCallback
 .text.HAL_TIM_TriggerCallback
                0x0000000008002ad6       0x12 ./Drivers/STM32F1xx_HAL_Driver/Src/stm32f1xx_hal_tim.o
                0x0000000008002ad6                HAL_TIM_TriggerCallback
 .text.TIM_Base_SetConfig
                0x0000000008002ae8       0xc4 ./Drivers/STM32F1xx_HAL_Driver/Src/stm32f1xx_hal_tim.o
                0x0000000008002ae8                TIM_Base_SetConfig
 .text.TIM_OC1_SetConfig
                0x0000000008002bac       0xcc ./Drivers/STM32F1xx_HAL_Driver/Src/stm32f1xx_hal_tim.o
 .text.TIM_OC2_SetConfig
                0x0000000008002c78       0xd4 ./Drivers/STM32F1xx_HAL_Driver/Src/stm32f1xx_hal_tim.o
                0x0000000008002c78                TIM_OC2_SetConfig
 .text.TIM_OC3_SetConfig
                0x0000000008002d4c       0xd4 ./Drivers/STM32F1xx_HAL_Driver/Src/stm32f1xx_hal_tim.o
 .text.TIM_OC4_SetConfig
                0x0000000008002e20       0x9c ./Drivers/STM32F1xx_HAL_Driver/Src/stm32f1xx_hal_tim.o
 .text.TIM_TI1_ConfigInputStage
                0x0000000008002ebc       0x5c ./Drivers/STM32F1xx_HAL_Driver/Src/stm32f1xx_hal_tim.o
 .text.TIM_TI2_ConfigInputStage
                0x0000000008002f18       0x5e ./Drivers/STM32F1xx_HAL_Driver/Src/stm32f1xx_hal_tim.o
 .text.TIM_ITRx_SetConfig
                0x0000000008002f76       0x34 ./Drivers/STM32F1xx_HAL_Driver/Src/stm32f1xx_hal_tim.o
 .text.TIM_ETR_SetConfig
                0x0000000008002faa       0x3e ./Drivers/STM32F1xx_HAL_Driver/Src/stm32f1xx_hal_tim.o
                0x0000000008002faa                TIM_ETR_SetConfig
 .text.TIM_CCxChannelCmd
                0x0000000008002fe8       0x48 ./Drivers/STM32F1xx_HAL_Driver/Src/stm32f1xx_hal_tim.o
                0x0000000008002fe8                TIM_CCxChannelCmd
 .text.HAL_TIMEx_MasterConfigSynchronization
                0x0000000008003030       0xbc ./Drivers/STM32F1xx_HAL_Driver/Src/stm32f1xx_hal_tim_ex.o
                0x0000000008003030                HAL_TIMEx_MasterConfigSynchronization
 .text.HAL_TIMEx_CommutCallback
                0x00000000080030ec       0x12 ./Drivers/STM32F1xx_HAL_Driver/Src/stm32f1xx_hal_tim_ex.o
                0x00000000080030ec                HAL_TIMEx_CommutCallback
 .text.HAL_TIMEx_BreakCallback
                0x00000000080030fe       0x12 ./Drivers/STM32F1xx_HAL_Driver/Src/stm32f1xx_hal_tim_ex.o
                0x00000000080030fe                HAL_TIMEx_BreakCallback
 .text.__libc_init_array
                0x0000000008003110       0x48 d:/stm32cubeide/stm32cubeide_1.7.0/stm32cubeide/plugins/com.st.stm32cube.ide.mcu.externaltools.gnu-tools-for-stm32.9-2020-q2-update.win32_2.0.0.202105311346/tools/bin/../lib/gcc/arm-none-eabi/9.3.1/../../../../arm-none-eabi/lib/thumb/v7-m/nofp\libc_nano.a(lib_a-init.o)
                0x0000000008003110                __libc_init_array
 .text.memset   0x0000000008003158       0x10 d:/stm32cubeide/stm32cubeide_1.7.0/stm32cubeide/plugins/com.st.stm32cube.ide.mcu.externaltools.gnu-tools-for-stm32.9-2020-q2-update.win32_2.0.0.202105311346/tools/bin/../lib/gcc/arm-none-eabi/9.3.1/../../../../arm-none-eabi/lib/thumb/v7-m/nofp\libc_nano.a(lib_a-memset.o)
                0x0000000008003158                memset
 *(.glue_7)
 .glue_7        0x0000000008003168        0x0 linker stubs
 *(.glue_7t)
 .glue_7t       0x0000000008003168        0x0 linker stubs
 *(.eh_frame)
 .eh_frame      0x0000000008003168        0x0 d:/stm32cubeide/stm32cubeide_1.7.0/stm32cubeide/plugins/com.st.stm32cube.ide.mcu.externaltools.gnu-tools-for-stm32.9-2020-q2-update.win32_2.0.0.202105311346/tools/bin/../lib/gcc/arm-none-eabi/9.3.1/thumb/v7-m/nofp/crtbegin.o
 *(.init)
 .init          0x0000000008003168        0x4 d:/stm32cubeide/stm32cubeide_1.7.0/stm32cubeide/plugins/com.st.stm32cube.ide.mcu.externaltools.gnu-tools-for-stm32.9-2020-q2-update.win32_2.0.0.202105311346/tools/bin/../lib/gcc/arm-none-eabi/9.3.1/thumb/v7-m/nofp/crti.o
                0x0000000008003168                _init
 .init          0x000000000800316c        0x8 d:/stm32cubeide/stm32cubeide_1.7.0/stm32cubeide/plugins/com.st.stm32cube.ide.mcu.externaltools.gnu-tools-for-stm32.9-2020-q2-update.win32_2.0.0.202105311346/tools/bin/../lib/gcc/arm-none-eabi/9.3.1/thumb/v7-m/nofp/crtn.o
 *(.fini)
 .fini          0x0000000008003174        0x4 d:/stm32cubeide/stm32cubeide_1.7.0/stm32cubeide/plugins/com.st.stm32cube.ide.mcu.externaltools.gnu-tools-for-stm32.9-2020-q2-update.win32_2.0.0.202105311346/tools/bin/../lib/gcc/arm-none-eabi/9.3.1/thumb/v7-m/nofp/crti.o
                0x0000000008003174                _fini
 .fini          0x0000000008003178        0x8 d:/stm32cubeide/stm32cubeide_1.7.0/stm32cubeide/plugins/com.st.stm32cube.ide.mcu.externaltools.gnu-tools-for-stm32.9-2020-q2-update.win32_2.0.0.202105311346/tools/bin/../lib/gcc/arm-none-eabi/9.3.1/thumb/v7-m/nofp/crtn.o
                0x0000000008003180                . = ALIGN (0x4)
                0x0000000008003180                _etext = .

.vfp11_veneer   0x0000000008003180        0x0
 .vfp11_veneer  0x0000000008003180        0x0 linker stubs

.v4_bx          0x0000000008003180        0x0
 .v4_bx         0x0000000008003180        0x0 linker stubs

.iplt           0x0000000008003180        0x0
 .iplt          0x0000000008003180        0x0 d:/stm32cubeide/stm32cubeide_1.7.0/stm32cubeide/plugins/com.st.stm32cube.ide.mcu.externaltools.gnu-tools-for-stm32.9-2020-q2-update.win32_2.0.0.202105311346/tools/bin/../lib/gcc/arm-none-eabi/9.3.1/thumb/v7-m/nofp/crtbegin.o

.rodata         0x0000000008003180       0x20
                0x0000000008003180                . = ALIGN (0x4)
 *(.rodata)
 .rodata        0x0000000008003180       0x10 ./Drivers/STM32F1xx_HAL_Driver/Src/stm32f1xx_hal_rcc.o
 *(.rodata*)
 .rodata.AHBPrescTable
                0x0000000008003190       0x10 ./Core/Src/system_stm32f1xx.o
                0x0000000008003190                AHBPrescTable
                0x00000000080031a0                . = ALIGN (0x4)

.rel.dyn        0x00000000080031a0        0x0
 .rel.iplt      0x00000000080031a0        0x0 d:/stm32cubeide/stm32cubeide_1.7.0/stm32cubeide/plugins/com.st.stm32cube.ide.mcu.externaltools.gnu-tools-for-stm32.9-2020-q2-update.win32_2.0.0.202105311346/tools/bin/../lib/gcc/arm-none-eabi/9.3.1/thumb/v7-m/nofp/crtbegin.o

.ARM.extab      0x00000000080031a0        0x0
                0x00000000080031a0                . = ALIGN (0x4)
 *(.ARM.extab* .gnu.linkonce.armextab.*)
                0x00000000080031a0                . = ALIGN (0x4)

.ARM            0x00000000080031a0        0x0
                0x00000000080031a0                . = ALIGN (0x4)
                0x00000000080031a0                __exidx_start = .
 *(.ARM.exidx*)
                0x00000000080031a0                __exidx_end = .
                0x00000000080031a0                . = ALIGN (0x4)

.preinit_array  0x00000000080031a0        0x0
                0x00000000080031a0                . = ALIGN (0x4)
                0x00000000080031a0                PROVIDE (__preinit_array_start = .)
 *(.preinit_array*)
                0x00000000080031a0                PROVIDE (__preinit_array_end = .)
                0x00000000080031a0                . = ALIGN (0x4)

.init_array     0x00000000080031a0        0x4
                0x00000000080031a0                . = ALIGN (0x4)
                0x00000000080031a0                PROVIDE (__init_array_start = .)
 *(SORT_BY_NAME(.init_array.*))
 *(.init_array*)
 .init_array    0x00000000080031a0        0x4 d:/stm32cubeide/stm32cubeide_1.7.0/stm32cubeide/plugins/com.st.stm32cube.ide.mcu.externaltools.gnu-tools-for-stm32.9-2020-q2-update.win32_2.0.0.202105311346/tools/bin/../lib/gcc/arm-none-eabi/9.3.1/thumb/v7-m/nofp/crtbegin.o
                0x00000000080031a4                PROVIDE (__init_array_end = .)
                0x00000000080031a4                . = ALIGN (0x4)

.fini_array     0x00000000080031a4        0x4
                0x00000000080031a4                . = ALIGN (0x4)
                [!provide]                        PROVIDE (__fini_array_start = .)
 *(SORT_BY_NAME(.fini_array.*))
 *(.fini_array*)
 .fini_array    0x00000000080031a4        0x4 d:/stm32cubeide/stm32cubeide_1.7.0/stm32cubeide/plugins/com.st.stm32cube.ide.mcu.externaltools.gnu-tools-for-stm32.9-2020-q2-update.win32_2.0.0.202105311346/tools/bin/../lib/gcc/arm-none-eabi/9.3.1/thumb/v7-m/nofp/crtbegin.o
                [!provide]                        PROVIDE (__fini_array_end = .)
                0x00000000080031a8                . = ALIGN (0x4)
                0x00000000080031a8                _sidata = LOADADDR (.data)

.data           0x0000000020000000       0x7c load address 0x00000000080031a8
                0x0000000020000000                . = ALIGN (0x4)
                0x0000000020000000                _sdata = .
 *(.data)
 *(.data*)
 .data.state_of_button
                0x0000000020000000       0x10 ./Core/Src/button.o
                0x0000000020000000                state_of_button
 .data.register0_key
                0x0000000020000010       0x10 ./Core/Src/button.o
                0x0000000020000010                register0_key
 .data.register1_key
                0x0000000020000020       0x10 ./Core/Src/button.o
                0x0000000020000020                register1_key
 .data.register2_key
                0x0000000020000030       0x10 ./Core/Src/button.o
                0x0000000020000030                register2_key
 .data.button_buffer
                0x0000000020000040       0x10 ./Core/Src/button.o
                0x0000000020000040                button_buffer
 .data.state_led_traffic_1
                0x0000000020000050        0x4 ./Core/Src/global.o
                0x0000000020000050                state_led_traffic_1
 .data.state_led_traffic_2
                0x0000000020000054        0x4 ./Core/Src/global.o
                0x0000000020000054                state_led_traffic_2
 .data.duration_time_of_RED
                0x0000000020000058        0x4 ./Core/Src/global.o
                0x0000000020000058                duration_time_of_RED
 .data.duration_time_of_YELLOW
                0x000000002000005c        0x4 ./Core/Src/global.o
                0x000000002000005c                duration_time_of_YELLOW
 .data.duration_time_of_GREEN
                0x0000000020000060        0x4 ./Core/Src/global.o
                0x0000000020000060                duration_time_of_GREEN
 .data.buffer_duration_time
                0x0000000020000064        0x4 ./Core/Src/global.o
                0x0000000020000064                buffer_duration_time
 .data.state_of_pedestrian
                0x0000000020000068        0x4 ./Core/Src/pedestrian.o
                0x0000000020000068                state_of_pedestrian
 .data.safe_time
                0x000000002000006c        0x4 ./Core/Src/pedestrian.o
                0x000000002000006c                safe_time
 .data.SystemCoreClock
                0x0000000020000070        0x4 ./Core/Src/system_stm32f1xx.o
                0x0000000020000070                SystemCoreClock
 .data.uwTickPrio
                0x0000000020000074        0x4 ./Drivers/STM32F1xx_HAL_Driver/Src/stm32f1xx_hal.o
                0x0000000020000074                uwTickPrio
 .data.uwTickFreq
                0x0000000020000078        0x1 ./Drivers/STM32F1xx_HAL_Driver/Src/stm32f1xx_hal.o
                0x0000000020000078                uwTickFreq
 *(.RamFunc)
 *(.RamFunc*)
                0x000000002000007c                . = ALIGN (0x4)
 *fill*         0x0000000020000079        0x3 
                0x000000002000007c                _edata = .

.igot.plt       0x000000002000007c        0x0 load address 0x0000000008003224
 .igot.plt      0x000000002000007c        0x0 d:/stm32cubeide/stm32cubeide_1.7.0/stm32cubeide/plugins/com.st.stm32cube.ide.mcu.externaltools.gnu-tools-for-stm32.9-2020-q2-update.win32_2.0.0.202105311346/tools/bin/../lib/gcc/arm-none-eabi/9.3.1/thumb/v7-m/nofp/crtbegin.o
                0x000000002000007c                . = ALIGN (0x4)

.bss            0x000000002000007c      0x168 load address 0x0000000008003224
                0x000000002000007c                _sbss = .
                0x000000002000007c                __bss_start__ = _sbss
 *(.bss)
 .bss           0x000000002000007c       0x1c d:/stm32cubeide/stm32cubeide_1.7.0/stm32cubeide/plugins/com.st.stm32cube.ide.mcu.externaltools.gnu-tools-for-stm32.9-2020-q2-update.win32_2.0.0.202105311346/tools/bin/../lib/gcc/arm-none-eabi/9.3.1/thumb/v7-m/nofp/crtbegin.o
 *(.bss*)
 .bss.flag_for_pressed
                0x0000000020000098       0x10 ./Core/Src/button.o
                0x0000000020000098                flag_for_pressed
 .bss.flag_for_pressed_3s
                0x00000000200000a8       0x10 ./Core/Src/button.o
                0x00000000200000a8                flag_for_pressed_3s
 .bss.mode      0x00000000200000b8        0x4 ./Core/Src/global.o
                0x00000000200000b8                mode
 .bss.buffer_output
                0x00000000200000bc       0x10 ./Core/Src/led_7_seg.o
                0x00000000200000bc                buffer_output
 .bss.freq      0x00000000200000cc        0x4 ./Core/Src/pedestrian.o
                0x00000000200000cc                freq
 .bss.buzzer_flag
                0x00000000200000d0        0x4 ./Core/Src/pedestrian.o
                0x00000000200000d0                buzzer_flag
 .bss.timer_counter
                0x00000000200000d4       0x3c ./Core/Src/timer.o
                0x00000000200000d4                timer_counter
 .bss.timer_flag
                0x0000000020000110       0x3c ./Core/Src/timer.o
                0x0000000020000110                timer_flag
 .bss.is_on     0x000000002000014c        0x4 ./Core/Src/traffic_led.o
                0x000000002000014c                is_on
 *(COMMON)
 COMMON         0x0000000020000150       0x90 ./Core/Src/main.o
                0x0000000020000150                htim3
                0x0000000020000198                htim2
 COMMON         0x00000000200001e0        0x4 ./Drivers/STM32F1xx_HAL_Driver/Src/stm32f1xx_hal.o
                0x00000000200001e0                uwTick
                0x00000000200001e4                . = ALIGN (0x4)
                0x00000000200001e4                _ebss = .
                0x00000000200001e4                __bss_end__ = _ebss

._user_heap_stack
                0x00000000200001e4      0x604 load address 0x0000000008003224
                0x00000000200001e8                . = ALIGN (0x8)
 *fill*         0x00000000200001e4        0x4 
                [!provide]                        PROVIDE (end = .)
                0x00000000200001e8                PROVIDE (_end = .)
                0x00000000200003e8                . = (. + _Min_Heap_Size)
 *fill*         0x00000000200001e8      0x200 
                0x00000000200007e8                . = (. + _Min_Stack_Size)
 *fill*         0x00000000200003e8      0x400 
                0x00000000200007e8                . = ALIGN (0x8)

/DISCARD/
 libc.a(*)
 libm.a(*)
 libgcc.a(*)

.ARM.attributes
                0x0000000000000000       0x29
 *(.ARM.attributes)
 .ARM.attributes
                0x0000000000000000       0x1d d:/stm32cubeide/stm32cubeide_1.7.0/stm32cubeide/plugins/com.st.stm32cube.ide.mcu.externaltools.gnu-tools-for-stm32.9-2020-q2-update.win32_2.0.0.202105311346/tools/bin/../lib/gcc/arm-none-eabi/9.3.1/thumb/v7-m/nofp/crti.o
 .ARM.attributes
                0x000000000000001d       0x2d d:/stm32cubeide/stm32cubeide_1.7.0/stm32cubeide/plugins/com.st.stm32cube.ide.mcu.externaltools.gnu-tools-for-stm32.9-2020-q2-update.win32_2.0.0.202105311346/tools/bin/../lib/gcc/arm-none-eabi/9.3.1/thumb/v7-m/nofp/crtbegin.o
 .ARM.attributes
                0x000000000000004a       0x2d ./Core/Src/button.o
 .ARM.attributes
                0x0000000000000077       0x2d ./Core/Src/fsm_traffic.o
 .ARM.attributes
                0x00000000000000a4       0x33 ./Core/Src/global.o
 .ARM.attributes
                0x00000000000000d7       0x2d ./Core/Src/led_7_seg.o
 .ARM.attributes
                0x0000000000000104       0x2d ./Core/Src/main.o
 .ARM.attributes
                0x0000000000000131       0x2d ./Core/Src/pedestrian.o
 .ARM.attributes
                0x000000000000015e       0x2d ./Core/Src/stm32f1xx_hal_msp.o
 .ARM.attributes
                0x000000000000018b       0x2d ./Core/Src/stm32f1xx_it.o
 .ARM.attributes
                0x00000000000001b8       0x2d ./Core/Src/system_stm32f1xx.o
 .ARM.attributes
                0x00000000000001e5       0x2d ./Core/Src/timer.o
 .ARM.attributes
                0x0000000000000212       0x2d ./Core/Src/traffic_led.o
 .ARM.attributes
                0x000000000000023f       0x21 ./Core/Startup/startup_stm32f103rbtx.o
 .ARM.attributes
                0x0000000000000260       0x2d ./Drivers/STM32F1xx_HAL_Driver/Src/stm32f1xx_hal.o
 .ARM.attributes
                0x000000000000028d       0x2d ./Drivers/STM32F1xx_HAL_Driver/Src/stm32f1xx_hal_cortex.o
 .ARM.attributes
                0x00000000000002ba       0x2d ./Drivers/STM32F1xx_HAL_Driver/Src/stm32f1xx_hal_gpio.o
 .ARM.attributes
                0x00000000000002e7       0x2d ./Drivers/STM32F1xx_HAL_Driver/Src/stm32f1xx_hal_rcc.o
 .ARM.attributes
                0x0000000000000314       0x2d ./Drivers/STM32F1xx_HAL_Driver/Src/stm32f1xx_hal_tim.o
 .ARM.attributes
                0x0000000000000341       0x2d ./Drivers/STM32F1xx_HAL_Driver/Src/stm32f1xx_hal_tim_ex.o
 .ARM.attributes
                0x000000000000036e       0x2d d:/stm32cubeide/stm32cubeide_1.7.0/stm32cubeide/plugins/com.st.stm32cube.ide.mcu.externaltools.gnu-tools-for-stm32.9-2020-q2-update.win32_2.0.0.202105311346/tools/bin/../lib/gcc/arm-none-eabi/9.3.1/../../../../arm-none-eabi/lib/thumb/v7-m/nofp\libc_nano.a(lib_a-init.o)
 .ARM.attributes
                0x000000000000039b       0x2d d:/stm32cubeide/stm32cubeide_1.7.0/stm32cubeide/plugins/com.st.stm32cube.ide.mcu.externaltools.gnu-tools-for-stm32.9-2020-q2-update.win32_2.0.0.202105311346/tools/bin/../lib/gcc/arm-none-eabi/9.3.1/../../../../arm-none-eabi/lib/thumb/v7-m/nofp\libc_nano.a(lib_a-memset.o)
 .ARM.attributes
                0x00000000000003c8       0x1d d:/stm32cubeide/stm32cubeide_1.7.0/stm32cubeide/plugins/com.st.stm32cube.ide.mcu.externaltools.gnu-tools-for-stm32.9-2020-q2-update.win32_2.0.0.202105311346/tools/bin/../lib/gcc/arm-none-eabi/9.3.1/thumb/v7-m/nofp/crtn.o
OUTPUT(MCU_project.elf elf32-littlearm)
LOAD linker stubs
LOAD d:/stm32cubeide/stm32cubeide_1.7.0/stm32cubeide/plugins/com.st.stm32cube.ide.mcu.externaltools.gnu-tools-for-stm32.9-2020-q2-update.win32_2.0.0.202105311346/tools/bin/../lib/gcc/arm-none-eabi/9.3.1/../../../../arm-none-eabi/lib/thumb/v7-m/nofp\libc.a
LOAD d:/stm32cubeide/stm32cubeide_1.7.0/stm32cubeide/plugins/com.st.stm32cube.ide.mcu.externaltools.gnu-tools-for-stm32.9-2020-q2-update.win32_2.0.0.202105311346/tools/bin/../lib/gcc/arm-none-eabi/9.3.1/../../../../arm-none-eabi/lib/thumb/v7-m/nofp\libm.a
LOAD d:/stm32cubeide/stm32cubeide_1.7.0/stm32cubeide/plugins/com.st.stm32cube.ide.mcu.externaltools.gnu-tools-for-stm32.9-2020-q2-update.win32_2.0.0.202105311346/tools/bin/../lib/gcc/arm-none-eabi/9.3.1/thumb/v7-m/nofp\libgcc.a

.debug_info     0x0000000000000000     0x9830
 .debug_info    0x0000000000000000      0x451 ./Core/Src/button.o
 .debug_info    0x0000000000000451      0x2ba ./Core/Src/fsm_traffic.o
 .debug_info    0x000000000000070b       0xf9 ./Core/Src/global.o
 .debug_info    0x0000000000000804      0x10a ./Core/Src/led_7_seg.o
 .debug_info    0x000000000000090e      0xdab ./Core/Src/main.o
 .debug_info    0x00000000000016b9      0x411 ./Core/Src/pedestrian.o
 .debug_info    0x0000000000001aca      0xb69 ./Core/Src/stm32f1xx_hal_msp.o
 .debug_info    0x0000000000002633      0x7b4 ./Core/Src/stm32f1xx_it.o
 .debug_info    0x0000000000002de7      0x2be ./Core/Src/system_stm32f1xx.o
 .debug_info    0x00000000000030a5      0x1b5 ./Core/Src/timer.o
 .debug_info    0x000000000000325a      0x3c5 ./Core/Src/traffic_led.o
 .debug_info    0x000000000000361f       0x22 ./Core/Startup/startup_stm32f103rbtx.o
 .debug_info    0x0000000000003641      0x76a ./Drivers/STM32F1xx_HAL_Driver/Src/stm32f1xx_hal.o
 .debug_info    0x0000000000003dab      0xbdc ./Drivers/STM32F1xx_HAL_Driver/Src/stm32f1xx_hal_cortex.o
 .debug_info    0x0000000000004987      0x701 ./Drivers/STM32F1xx_HAL_Driver/Src/stm32f1xx_hal_gpio.o
 .debug_info    0x0000000000005088      0x88e ./Drivers/STM32F1xx_HAL_Driver/Src/stm32f1xx_hal_rcc.o
 .debug_info    0x0000000000005916     0x2a45 ./Drivers/STM32F1xx_HAL_Driver/Src/stm32f1xx_hal_tim.o
 .debug_info    0x000000000000835b     0x14d5 ./Drivers/STM32F1xx_HAL_Driver/Src/stm32f1xx_hal_tim_ex.o

.debug_abbrev   0x0000000000000000     0x1c02
 .debug_abbrev  0x0000000000000000      0x16c ./Core/Src/button.o
 .debug_abbrev  0x000000000000016c       0xb6 ./Core/Src/fsm_traffic.o
 .debug_abbrev  0x0000000000000222       0x40 ./Core/Src/global.o
 .debug_abbrev  0x0000000000000262       0xa8 ./Core/Src/led_7_seg.o
 .debug_abbrev  0x000000000000030a      0x29e ./Core/Src/main.o
 .debug_abbrev  0x00000000000005a8      0x14e ./Core/Src/pedestrian.o
 .debug_abbrev  0x00000000000006f6      0x1c8 ./Core/Src/stm32f1xx_hal_msp.o
 .debug_abbrev  0x00000000000008be      0x176 ./Core/Src/stm32f1xx_it.o
 .debug_abbrev  0x0000000000000a34      0x14e ./Core/Src/system_stm32f1xx.o
 .debug_abbrev  0x0000000000000b82       0xfa ./Core/Src/timer.o
 .debug_abbrev  0x0000000000000c7c      0x155 ./Core/Src/traffic_led.o
 .debug_abbrev  0x0000000000000dd1       0x12 ./Core/Startup/startup_stm32f103rbtx.o
 .debug_abbrev  0x0000000000000de3      0x1ed ./Drivers/STM32F1xx_HAL_Driver/Src/stm32f1xx_hal.o
 .debug_abbrev  0x0000000000000fd0      0x313 ./Drivers/STM32F1xx_HAL_Driver/Src/stm32f1xx_hal_cortex.o
 .debug_abbrev  0x00000000000012e3      0x1e8 ./Drivers/STM32F1xx_HAL_Driver/Src/stm32f1xx_hal_gpio.o
 .debug_abbrev  0x00000000000014cb      0x273 ./Drivers/STM32F1xx_HAL_Driver/Src/stm32f1xx_hal_rcc.o
 .debug_abbrev  0x000000000000173e      0x25e ./Drivers/STM32F1xx_HAL_Driver/Src/stm32f1xx_hal_tim.o
 .debug_abbrev  0x000000000000199c      0x266 ./Drivers/STM32F1xx_HAL_Driver/Src/stm32f1xx_hal_tim_ex.o

.debug_aranges  0x0000000000000000      0xab8
 .debug_aranges
                0x0000000000000000       0x40 ./Core/Src/button.o
 .debug_aranges
                0x0000000000000040       0x30 ./Core/Src/fsm_traffic.o
 .debug_aranges
                0x0000000000000070       0x18 ./Core/Src/global.o
 .debug_aranges
                0x0000000000000088       0x28 ./Core/Src/led_7_seg.o
 .debug_aranges
                0x00000000000000b0       0x58 ./Core/Src/main.o
 .debug_aranges
                0x0000000000000108       0x40 ./Core/Src/pedestrian.o
 .debug_aranges
                0x0000000000000148       0x38 ./Core/Src/stm32f1xx_hal_msp.o
 .debug_aranges
                0x0000000000000180       0x68 ./Core/Src/stm32f1xx_it.o
 .debug_aranges
                0x00000000000001e8       0x28 ./Core/Src/system_stm32f1xx.o
 .debug_aranges
                0x0000000000000210       0x40 ./Core/Src/timer.o
 .debug_aranges
                0x0000000000000250       0x40 ./Core/Src/traffic_led.o
 .debug_aranges
                0x0000000000000290       0x28 ./Core/Startup/startup_stm32f103rbtx.o
 .debug_aranges
                0x00000000000002b8       0xe0 ./Drivers/STM32F1xx_HAL_Driver/Src/stm32f1xx_hal.o
 .debug_aranges
                0x0000000000000398      0x100 ./Drivers/STM32F1xx_HAL_Driver/Src/stm32f1xx_hal_cortex.o
 .debug_aranges
                0x0000000000000498       0x58 ./Drivers/STM32F1xx_HAL_Driver/Src/stm32f1xx_hal_gpio.o
 .debug_aranges
                0x00000000000004f0       0x90 ./Drivers/STM32F1xx_HAL_Driver/Src/stm32f1xx_hal_rcc.o
 .debug_aranges
                0x0000000000000580      0x3d0 ./Drivers/STM32F1xx_HAL_Driver/Src/stm32f1xx_hal_tim.o
 .debug_aranges
                0x0000000000000950      0x168 ./Drivers/STM32F1xx_HAL_Driver/Src/stm32f1xx_hal_tim_ex.o

.debug_ranges   0x0000000000000000      0x998
 .debug_ranges  0x0000000000000000       0x30 ./Core/Src/button.o
 .debug_ranges  0x0000000000000030       0x20 ./Core/Src/fsm_traffic.o
 .debug_ranges  0x0000000000000050       0x18 ./Core/Src/led_7_seg.o
 .debug_ranges  0x0000000000000068       0x48 ./Core/Src/main.o
 .debug_ranges  0x00000000000000b0       0x30 ./Core/Src/pedestrian.o
 .debug_ranges  0x00000000000000e0       0x28 ./Core/Src/stm32f1xx_hal_msp.o
 .debug_ranges  0x0000000000000108       0x58 ./Core/Src/stm32f1xx_it.o
 .debug_ranges  0x0000000000000160       0x18 ./Core/Src/system_stm32f1xx.o
 .debug_ranges  0x0000000000000178       0x30 ./Core/Src/timer.o
 .debug_ranges  0x00000000000001a8       0x30 ./Core/Src/traffic_led.o
 .debug_ranges  0x00000000000001d8       0x20 ./Core/Startup/startup_stm32f103rbtx.o
 .debug_ranges  0x00000000000001f8       0xd0 ./Drivers/STM32F1xx_HAL_Driver/Src/stm32f1xx_hal.o
 .debug_ranges  0x00000000000002c8       0xf0 ./Drivers/STM32F1xx_HAL_Driver/Src/stm32f1xx_hal_cortex.o
 .debug_ranges  0x00000000000003b8       0x48 ./Drivers/STM32F1xx_HAL_Driver/Src/stm32f1xx_hal_gpio.o
 .debug_ranges  0x0000000000000400       0x80 ./Drivers/STM32F1xx_HAL_Driver/Src/stm32f1xx_hal_rcc.o
 .debug_ranges  0x0000000000000480      0x3c0 ./Drivers/STM32F1xx_HAL_Driver/Src/stm32f1xx_hal_tim.o
 .debug_ranges  0x0000000000000840      0x158 ./Drivers/STM32F1xx_HAL_Driver/Src/stm32f1xx_hal_tim_ex.o

.debug_macro    0x0000000000000000    0x16f67
 .debug_macro   0x0000000000000000      0x1c5 ./Core/Src/button.o
 .debug_macro   0x00000000000001c5      0xa9c ./Core/Src/button.o
 .debug_macro   0x0000000000000c61       0xd6 ./Core/Src/button.o
 .debug_macro   0x0000000000000d37      0x215 ./Core/Src/button.o
 .debug_macro   0x0000000000000f4c       0x2e ./Core/Src/button.o
 .debug_macro   0x0000000000000f7a       0x22 ./Core/Src/button.o
 .debug_macro   0x0000000000000f9c       0x22 ./Core/Src/button.o
 .debug_macro   0x0000000000000fbe       0x8e ./Core/Src/button.o
 .debug_macro   0x000000000000104c       0x51 ./Core/Src/button.o
 .debug_macro   0x000000000000109d      0x103 ./Core/Src/button.o
 .debug_macro   0x00000000000011a0       0x6a ./Core/Src/button.o
 .debug_macro   0x000000000000120a      0x1df ./Core/Src/button.o
 .debug_macro   0x00000000000013e9       0x1c ./Core/Src/button.o
 .debug_macro   0x0000000000001405       0x22 ./Core/Src/button.o
 .debug_macro   0x0000000000001427       0xc3 ./Core/Src/button.o
 .debug_macro   0x00000000000014ea      0xd23 ./Core/Src/button.o
 .debug_macro   0x000000000000220d     0xe09e ./Core/Src/button.o
 .debug_macro   0x00000000000102ab       0x6d ./Core/Src/button.o
 .debug_macro   0x0000000000010318     0x3468 ./Core/Src/button.o
 .debug_macro   0x0000000000013780      0x174 ./Core/Src/button.o
 .debug_macro   0x00000000000138f4       0x5c ./Core/Src/button.o
 .debug_macro   0x0000000000013950      0x5be ./Core/Src/button.o
 .debug_macro   0x0000000000013f0e      0x289 ./Core/Src/button.o
 .debug_macro   0x0000000000014197      0x1cb ./Core/Src/button.o
 .debug_macro   0x0000000000014362      0x114 ./Core/Src/button.o
 .debug_macro   0x0000000000014476      0x1b2 ./Core/Src/button.o
 .debug_macro   0x0000000000014628       0x27 ./Core/Src/button.o
 .debug_macro   0x000000000001464f      0x136 ./Core/Src/button.o
 .debug_macro   0x0000000000014785      0x1bc ./Core/Src/button.o
 .debug_macro   0x0000000000014941       0x34 ./Core/Src/button.o
 .debug_macro   0x0000000000014975       0x3c ./Core/Src/button.o
 .debug_macro   0x00000000000149b1       0x57 ./Core/Src/button.o
 .debug_macro   0x0000000000014a08       0x88 ./Core/Src/button.o
 .debug_macro   0x0000000000014a90      0x241 ./Core/Src/button.o
 .debug_macro   0x0000000000014cd1      0x141 ./Core/Src/button.o
 .debug_macro   0x0000000000014e12      0x8d1 ./Core/Src/button.o
 .debug_macro   0x00000000000156e3       0x83 ./Core/Src/button.o
 .debug_macro   0x0000000000015766       0x88 ./Core/Src/button.o
 .debug_macro   0x00000000000157ee      0x1e2 ./Core/Src/fsm_traffic.o
 .debug_macro   0x00000000000159d0       0x10 ./Core/Src/fsm_traffic.o
 .debug_macro   0x00000000000159e0       0x1a ./Core/Src/global.o
 .debug_macro   0x00000000000159fa       0x2a ./Core/Src/led_7_seg.o
 .debug_macro   0x0000000000015a24      0x217 ./Core/Src/main.o
 .debug_macro   0x0000000000015c3b       0x22 ./Core/Src/main.o
 .debug_macro   0x0000000000015c5d      0x1ec ./Core/Src/pedestrian.o
 .debug_macro   0x0000000000015e49      0x1a8 ./Core/Src/stm32f1xx_hal_msp.o
 .debug_macro   0x0000000000015ff1      0x1b2 ./Core/Src/stm32f1xx_it.o
 .debug_macro   0x00000000000161a3      0x199 ./Core/Src/system_stm32f1xx.o
 .debug_macro   0x000000000001633c       0x24 ./Core/Src/timer.o
 .debug_macro   0x0000000000016360      0x1cf ./Core/Src/traffic_led.o
 .debug_macro   0x000000000001652f      0x1bd ./Drivers/STM32F1xx_HAL_Driver/Src/stm32f1xx_hal.o
 .debug_macro   0x00000000000166ec      0x199 ./Drivers/STM32F1xx_HAL_Driver/Src/stm32f1xx_hal_cortex.o
 .debug_macro   0x0000000000016885      0x204 ./Drivers/STM32F1xx_HAL_Driver/Src/stm32f1xx_hal_gpio.o
 .debug_macro   0x0000000000016a89      0x1ab ./Drivers/STM32F1xx_HAL_Driver/Src/stm32f1xx_hal_rcc.o
 .debug_macro   0x0000000000016c34      0x19a ./Drivers/STM32F1xx_HAL_Driver/Src/stm32f1xx_hal_tim.o
 .debug_macro   0x0000000000016dce      0x199 ./Drivers/STM32F1xx_HAL_Driver/Src/stm32f1xx_hal_tim_ex.o

.debug_line     0x0000000000000000     0xb830
 .debug_line    0x0000000000000000      0x806 ./Core/Src/button.o
 .debug_line    0x0000000000000806      0x8a2 ./Core/Src/fsm_traffic.o
 .debug_line    0x00000000000010a8       0x4d ./Core/Src/global.o
 .debug_line    0x00000000000010f5       0xa5 ./Core/Src/led_7_seg.o
 .debug_line    0x000000000000119a      0x905 ./Core/Src/main.o
 .debug_line    0x0000000000001a9f      0x865 ./Core/Src/pedestrian.o
 .debug_line    0x0000000000002304      0x714 ./Core/Src/stm32f1xx_hal_msp.o
 .debug_line    0x0000000000002a18      0x767 ./Core/Src/stm32f1xx_it.o
 .debug_line    0x000000000000317f      0x70b ./Core/Src/system_stm32f1xx.o
 .debug_line    0x000000000000388a      0x107 ./Core/Src/timer.o
 .debug_line    0x0000000000003991      0x76a ./Core/Src/traffic_led.o
 .debug_line    0x00000000000040fb       0x87 ./Core/Startup/startup_stm32f103rbtx.o
 .debug_line    0x0000000000004182      0x938 ./Drivers/STM32F1xx_HAL_Driver/Src/stm32f1xx_hal.o
 .debug_line    0x0000000000004aba      0xb20 ./Drivers/STM32F1xx_HAL_Driver/Src/stm32f1xx_hal_cortex.o
 .debug_line    0x00000000000055da      0x9cf ./Drivers/STM32F1xx_HAL_Driver/Src/stm32f1xx_hal_gpio.o
 .debug_line    0x0000000000005fa9      0xd46 ./Drivers/STM32F1xx_HAL_Driver/Src/stm32f1xx_hal_rcc.o
 .debug_line    0x0000000000006cef     0x32e1 ./Drivers/STM32F1xx_HAL_Driver/Src/stm32f1xx_hal_tim.o
 .debug_line    0x0000000000009fd0     0x1860 ./Drivers/STM32F1xx_HAL_Driver/Src/stm32f1xx_hal_tim_ex.o

.debug_str      0x0000000000000000    0x846f6
 .debug_str     0x0000000000000000    0x81a4f ./Core/Src/button.o
                                      0x81dce (size before relaxing)
 .debug_str     0x0000000000081a4f       0xae ./Core/Src/fsm_traffic.o
                                      0x81dd4 (size before relaxing)
 .debug_str     0x0000000000081afd       0x15 ./Core/Src/global.o
                                       0x3057 (size before relaxing)
 .debug_str     0x0000000000081b12       0x44 ./Core/Src/led_7_seg.o
                                       0x30c6 (size before relaxing)
 .debug_str     0x0000000000081b56      0x7f6 ./Core/Src/main.o
                                      0x82680 (size before relaxing)
 .debug_str     0x000000000008234c       0x8a ./Core/Src/pedestrian.o
                                      0x81e74 (size before relaxing)
 .debug_str     0x00000000000823d6      0x308 ./Core/Src/stm32f1xx_hal_msp.o
                                      0x82269 (size before relaxing)
 .debug_str     0x00000000000826de       0xcd ./Core/Src/stm32f1xx_it.o
                                      0x81f21 (size before relaxing)
 .debug_str     0x00000000000827ab       0x52 ./Core/Src/system_stm32f1xx.o
                                      0x8188c (size before relaxing)
 .debug_str     0x00000000000827fd       0x62 ./Core/Src/timer.o
                                       0x30de (size before relaxing)
 .debug_str     0x000000000008285f       0x89 ./Core/Src/traffic_led.o
                                      0x81e00 (size before relaxing)
 .debug_str     0x00000000000828e8       0x36 ./Core/Startup/startup_stm32f103rbtx.o
                                         0x6c (size before relaxing)
 .debug_str     0x000000000008291e      0x304 ./Drivers/STM32F1xx_HAL_Driver/Src/stm32f1xx_hal.o
                                      0x81f1d (size before relaxing)
 .debug_str     0x0000000000082c22      0x300 ./Drivers/STM32F1xx_HAL_Driver/Src/stm32f1xx_hal_cortex.o
                                      0x81f25 (size before relaxing)
 .debug_str     0x0000000000082f22      0x324 ./Drivers/STM32F1xx_HAL_Driver/Src/stm32f1xx_hal_gpio.o
                                      0x81c50 (size before relaxing)
 .debug_str     0x0000000000083246      0x24f ./Drivers/STM32F1xx_HAL_Driver/Src/stm32f1xx_hal_rcc.o
                                      0x81c89 (size before relaxing)
 .debug_str     0x0000000000083495      0xd73 ./Drivers/STM32F1xx_HAL_Driver/Src/stm32f1xx_hal_tim.o
                                      0x82c5b (size before relaxing)
 .debug_str     0x0000000000084208      0x4ee ./Drivers/STM32F1xx_HAL_Driver/Src/stm32f1xx_hal_tim_ex.o
                                      0x8240c (size before relaxing)

.comment        0x0000000000000000       0x53
 .comment       0x0000000000000000       0x53 ./Core/Src/button.o
                                         0x54 (size before relaxing)
 .comment       0x0000000000000053       0x54 ./Core/Src/fsm_traffic.o
 .comment       0x0000000000000053       0x54 ./Core/Src/global.o
 .comment       0x0000000000000053       0x54 ./Core/Src/led_7_seg.o
 .comment       0x0000000000000053       0x54 ./Core/Src/main.o
 .comment       0x0000000000000053       0x54 ./Core/Src/pedestrian.o
 .comment       0x0000000000000053       0x54 ./Core/Src/stm32f1xx_hal_msp.o
 .comment       0x0000000000000053       0x54 ./Core/Src/stm32f1xx_it.o
 .comment       0x0000000000000053       0x54 ./Core/Src/system_stm32f1xx.o
 .comment       0x0000000000000053       0x54 ./Core/Src/timer.o
 .comment       0x0000000000000053       0x54 ./Core/Src/traffic_led.o
 .comment       0x0000000000000053       0x54 ./Drivers/STM32F1xx_HAL_Driver/Src/stm32f1xx_hal.o
 .comment       0x0000000000000053       0x54 ./Drivers/STM32F1xx_HAL_Driver/Src/stm32f1xx_hal_cortex.o
 .comment       0x0000000000000053       0x54 ./Drivers/STM32F1xx_HAL_Driver/Src/stm32f1xx_hal_gpio.o
 .comment       0x0000000000000053       0x54 ./Drivers/STM32F1xx_HAL_Driver/Src/stm32f1xx_hal_rcc.o
 .comment       0x0000000000000053       0x54 ./Drivers/STM32F1xx_HAL_Driver/Src/stm32f1xx_hal_tim.o
 .comment       0x0000000000000053       0x54 ./Drivers/STM32F1xx_HAL_Driver/Src/stm32f1xx_hal_tim_ex.o

.debug_frame    0x0000000000000000     0x29f4
 .debug_frame   0x0000000000000000       0xd0 ./Core/Src/button.o
 .debug_frame   0x00000000000000d0       0x64 ./Core/Src/fsm_traffic.o
 .debug_frame   0x0000000000000134       0x60 ./Core/Src/led_7_seg.o
 .debug_frame   0x0000000000000194      0x114 ./Core/Src/main.o
 .debug_frame   0x00000000000002a8       0xa4 ./Core/Src/pedestrian.o
 .debug_frame   0x000000000000034c       0xa4 ./Core/Src/stm32f1xx_hal_msp.o
 .debug_frame   0x00000000000003f0      0x120 ./Core/Src/stm32f1xx_it.o
 .debug_frame   0x0000000000000510       0x58 ./Core/Src/system_stm32f1xx.o
 .debug_frame   0x0000000000000568       0xd8 ./Core/Src/timer.o
 .debug_frame   0x0000000000000640       0xb4 ./Core/Src/traffic_led.o
 .debug_frame   0x00000000000006f4      0x334 ./Drivers/STM32F1xx_HAL_Driver/Src/stm32f1xx_hal.o
 .debug_frame   0x0000000000000a28      0x428 ./Drivers/STM32F1xx_HAL_Driver/Src/stm32f1xx_hal_cortex.o
 .debug_frame   0x0000000000000e50      0x14c ./Drivers/STM32F1xx_HAL_Driver/Src/stm32f1xx_hal_gpio.o
 .debug_frame   0x0000000000000f9c      0x21c ./Drivers/STM32F1xx_HAL_Driver/Src/stm32f1xx_hal_rcc.o
 .debug_frame   0x00000000000011b8     0x11b8 ./Drivers/STM32F1xx_HAL_Driver/Src/stm32f1xx_hal_tim.o
 .debug_frame   0x0000000000002370      0x638 ./Drivers/STM32F1xx_HAL_Driver/Src/stm32f1xx_hal_tim_ex.o
 .debug_frame   0x00000000000029a8       0x2c d:/stm32cubeide/stm32cubeide_1.7.0/stm32cubeide/plugins/com.st.stm32cube.ide.mcu.externaltools.gnu-tools-for-stm32.9-2020-q2-update.win32_2.0.0.202105311346/tools/bin/../lib/gcc/arm-none-eabi/9.3.1/../../../../arm-none-eabi/lib/thumb/v7-m/nofp\libc_nano.a(lib_a-init.o)
 .debug_frame   0x00000000000029d4       0x20 d:/stm32cubeide/stm32cubeide_1.7.0/stm32cubeide/plugins/com.st.stm32cube.ide.mcu.externaltools.gnu-tools-for-stm32.9-2020-q2-update.win32_2.0.0.202105311346/tools/bin/../lib/gcc/arm-none-eabi/9.3.1/../../../../arm-none-eabi/lib/thumb/v7-m/nofp\libc_nano.a(lib_a-memset.o)
