Archive member included to satisfy reference by file (symbol)

d:/stm32cubeide/stm32cubeide_1.7.0/stm32cubeide/plugins/com.st.stm32cube.ide.mcu.externaltools.gnu-tools-for-stm32.9-2020-q2-update.win32_2.0.0.202105311346/tools/bin/../lib/gcc/arm-none-eabi/9.3.1/../../../../arm-none-eabi/lib/thumb/v7-m/nofp\libc_nano.a(lib_a-errno.o)
                              ./Core/Src/syscalls.o (__errno)
d:/stm32cubeide/stm32cubeide_1.7.0/stm32cubeide/plugins/com.st.stm32cube.ide.mcu.externaltools.gnu-tools-for-stm32.9-2020-q2-update.win32_2.0.0.202105311346/tools/bin/../lib/gcc/arm-none-eabi/9.3.1/../../../../arm-none-eabi/lib/thumb/v7-m/nofp\libc_nano.a(lib_a-exit.o)
                              d:/stm32cubeide/stm32cubeide_1.7.0/stm32cubeide/plugins/com.st.stm32cube.ide.mcu.externaltools.gnu-tools-for-stm32.9-2020-q2-update.win32_2.0.0.202105311346/tools/bin/../lib/gcc/arm-none-eabi/9.3.1/../../../../arm-none-eabi/lib/thumb/v7-m/nofp/crt0.o (exit)
d:/stm32cubeide/stm32cubeide_1.7.0/stm32cubeide/plugins/com.st.stm32cube.ide.mcu.externaltools.gnu-tools-for-stm32.9-2020-q2-update.win32_2.0.0.202105311346/tools/bin/../lib/gcc/arm-none-eabi/9.3.1/../../../../arm-none-eabi/lib/thumb/v7-m/nofp\libc_nano.a(lib_a-impure.o)
                              d:/stm32cubeide/stm32cubeide_1.7.0/stm32cubeide/plugins/com.st.stm32cube.ide.mcu.externaltools.gnu-tools-for-stm32.9-2020-q2-update.win32_2.0.0.202105311346/tools/bin/../lib/gcc/arm-none-eabi/9.3.1/../../../../arm-none-eabi/lib/thumb/v7-m/nofp\libc_nano.a(lib_a-exit.o) (_global_impure_ptr)
d:/stm32cubeide/stm32cubeide_1.7.0/stm32cubeide/plugins/com.st.stm32cube.ide.mcu.externaltools.gnu-tools-for-stm32.9-2020-q2-update.win32_2.0.0.202105311346/tools/bin/../lib/gcc/arm-none-eabi/9.3.1/../../../../arm-none-eabi/lib/thumb/v7-m/nofp\libc_nano.a(lib_a-init.o)
                              d:/stm32cubeide/stm32cubeide_1.7.0/stm32cubeide/plugins/com.st.stm32cube.ide.mcu.externaltools.gnu-tools-for-stm32.9-2020-q2-update.win32_2.0.0.202105311346/tools/bin/../lib/gcc/arm-none-eabi/9.3.1/../../../../arm-none-eabi/lib/thumb/v7-m/nofp/crt0.o (__libc_init_array)
d:/stm32cubeide/stm32cubeide_1.7.0/stm32cubeide/plugins/com.st.stm32cube.ide.mcu.externaltools.gnu-tools-for-stm32.9-2020-q2-update.win32_2.0.0.202105311346/tools/bin/../lib/gcc/arm-none-eabi/9.3.1/../../../../arm-none-eabi/lib/thumb/v7-m/nofp\libc_nano.a(lib_a-memset.o)
                              d:/stm32cubeide/stm32cubeide_1.7.0/stm32cubeide/plugins/com.st.stm32cube.ide.mcu.externaltools.gnu-tools-for-stm32.9-2020-q2-update.win32_2.0.0.202105311346/tools/bin/../lib/gcc/arm-none-eabi/9.3.1/../../../../arm-none-eabi/lib/thumb/v7-m/nofp/crt0.o (memset)

Allocating common symbols
Common symbol       size              file

uwTick              0x4               ./Drivers/STM32F1xx_HAL_Driver/Src/stm32f1xx_hal.o
pFlash              0x20              ./Drivers/STM32F1xx_HAL_Driver/Src/stm32f1xx_hal_flash.o
htim3               0x48              ./Core/Src/main.o
htim2               0x48              ./Core/Src/main.o
Scheduler_Task_Array
                    0x320             ./Core/Src/scheduler.o

Discarded input sections

 .text          0x0000000000000000        0x0 d:/stm32cubeide/stm32cubeide_1.7.0/stm32cubeide/plugins/com.st.stm32cube.ide.mcu.externaltools.gnu-tools-for-stm32.9-2020-q2-update.win32_2.0.0.202105311346/tools/bin/../lib/gcc/arm-none-eabi/9.3.1/thumb/v7-m/nofp/crti.o
 .data          0x0000000000000000        0x0 d:/stm32cubeide/stm32cubeide_1.7.0/stm32cubeide/plugins/com.st.stm32cube.ide.mcu.externaltools.gnu-tools-for-stm32.9-2020-q2-update.win32_2.0.0.202105311346/tools/bin/../lib/gcc/arm-none-eabi/9.3.1/thumb/v7-m/nofp/crti.o
 .bss           0x0000000000000000        0x0 d:/stm32cubeide/stm32cubeide_1.7.0/stm32cubeide/plugins/com.st.stm32cube.ide.mcu.externaltools.gnu-tools-for-stm32.9-2020-q2-update.win32_2.0.0.202105311346/tools/bin/../lib/gcc/arm-none-eabi/9.3.1/thumb/v7-m/nofp/crti.o
 .data          0x0000000000000000        0x4 d:/stm32cubeide/stm32cubeide_1.7.0/stm32cubeide/plugins/com.st.stm32cube.ide.mcu.externaltools.gnu-tools-for-stm32.9-2020-q2-update.win32_2.0.0.202105311346/tools/bin/../lib/gcc/arm-none-eabi/9.3.1/thumb/v7-m/nofp/crtbegin.o
 .text          0x0000000000000000       0x7c d:/stm32cubeide/stm32cubeide_1.7.0/stm32cubeide/plugins/com.st.stm32cube.ide.mcu.externaltools.gnu-tools-for-stm32.9-2020-q2-update.win32_2.0.0.202105311346/tools/bin/../lib/gcc/arm-none-eabi/9.3.1/../../../../arm-none-eabi/lib/thumb/v7-m/nofp/crt0.o
 .data          0x0000000000000000        0x0 d:/stm32cubeide/stm32cubeide_1.7.0/stm32cubeide/plugins/com.st.stm32cube.ide.mcu.externaltools.gnu-tools-for-stm32.9-2020-q2-update.win32_2.0.0.202105311346/tools/bin/../lib/gcc/arm-none-eabi/9.3.1/../../../../arm-none-eabi/lib/thumb/v7-m/nofp/crt0.o
[...]
Memory Configuration

Name             Origin             Length             Attributes
RAM              0x0000000020000000 0x0000000000005000 xrw
FLASH            0x0000000008000000 0x0000000000020000 xr
*default*        0x0000000000000000 0xffffffffffffffff

Linker script and memory map

LOAD d:/stm32cubeide/stm32cubeide_1.7.0/stm32cubeide/plugins/com.st.stm32cube.ide.mcu.externaltools.gnu-tools-for-stm32.9-2020-q2-update.win32_2.0.0.202105311346/tools/bin/../lib/gcc/arm-none-eabi/9.3.1/thumb/v7-m/nofp/crti.o
LOAD d:/stm32cubeide/stm32cubeide_1.7.0/stm32cubeide/plugins/com.st.stm32cube.ide.mcu.externaltools.gnu-tools-for-stm32.9-2020-q2-update.win32_2.0.0.202105311346/tools/bin/../lib/gcc/arm-none-eabi/9.3.1/thumb/v7-m/nofp/crtbegin.o
LOAD d:/stm32cubeide/stm32cubeide_1.7.0/stm32cubeide/plugins/com.st.stm32cube.ide.mcu.externaltools.gnu-tools-for-stm32.9-2020-q2-update.win32_2.0.0.202105311346/tools/bin/../lib/gcc/arm-none-eabi/9.3.1/../../../../arm-none-eabi/lib/thumb/v7-m/nofp/crt0.o
LOAD ./Core/Src/button.o
LOAD ./Core/Src/fsm_traffic.o
LOAD ./Core/Src/global.o
LOAD ./Core/Src/main.o
LOAD ./Core/Src/scheduler.o
LOAD ./Core/Src/stm32f1xx_hal_msp.o
LOAD ./Core/Src/stm32f1xx_it.o
LOAD ./Core/Src/syscalls.o
LOAD ./Core/Src/sysmem.o
LOAD ./Core/Src/system_stm32f1xx.o
LOAD ./Core/Src/timer.o
LOAD ./Core/Src/traffic_led.o
LOAD ./Core/Startup/startup_stm32f103rbtx.o
LOAD ./Drivers/STM32F1xx_HAL_Driver/Src/stm32f1xx_hal.o
LOAD ./Drivers/STM32F1xx_HAL_Driver/Src/stm32f1xx_hal_cortex.o
LOAD ./Drivers/STM32F1xx_HAL_Driver/Src/stm32f1xx_hal_dma.o
LOAD ./Drivers/STM32F1xx_HAL_Driver/Src/stm32f1xx_hal_exti.o
LOAD ./Drivers/STM32F1xx_HAL_Driver/Src/stm32f1xx_hal_flash.o
LOAD ./Drivers/STM32F1xx_HAL_Driver/Src/stm32f1xx_hal_flash_ex.o
LOAD ./Drivers/STM32F1xx_HAL_Driver/Src/stm32f1xx_hal_gpio.o
LOAD ./Drivers/STM32F1xx_HAL_Driver/Src/stm32f1xx_hal_gpio_ex.o
LOAD ./Drivers/STM32F1xx_HAL_Driver/Src/stm32f1xx_hal_pwr.o
LOAD ./Drivers/STM32F1xx_HAL_Driver/Src/stm32f1xx_hal_rcc.o
LOAD ./Drivers/STM32F1xx_HAL_Driver/Src/stm32f1xx_hal_rcc_ex.o
LOAD ./Drivers/STM32F1xx_HAL_Driver/Src/stm32f1xx_hal_tim.o
LOAD ./Drivers/STM32F1xx_HAL_Driver/Src/stm32f1xx_hal_tim_ex.o
START GROUP
LOAD d:/stm32cubeide/stm32cubeide_1.7.0/stm32cubeide/plugins/com.st.stm32cube.ide.mcu.externaltools.gnu-tools-for-stm32.9-2020-q2-update.win32_2.0.0.202105311346/tools/bin/../lib/gcc/arm-none-eabi/9.3.1/../../../../arm-none-eabi/lib/thumb/v7-m/nofp\libc_nano.a
LOAD d:/stm32cubeide/stm32cubeide_1.7.0/stm32cubeide/plugins/com.st.stm32cube.ide.mcu.externaltools.gnu-tools-for-stm32.9-2020-q2-update.win32_2.0.0.202105311346/tools/bin/../lib/gcc/arm-none-eabi/9.3.1/../../../../arm-none-eabi/lib/thumb/v7-m/nofp\libm.a
END GROUP
START GROUP
LOAD d:/stm32cubeide/stm32cubeide_1.7.0/stm32cubeide/plugins/com.st.stm32cube.ide.mcu.externaltools.gnu-tools-for-stm32.9-2020-q2-update.win32_2.0.0.202105311346/tools/bin/../lib/gcc/arm-none-eabi/9.3.1/thumb/v7-m/nofp\libgcc.a
LOAD d:/stm32cubeide/stm32cubeide_1.7.0/stm32cubeide/plugins/com.st.stm32cube.ide.mcu.externaltools.gnu-tools-for-stm32.9-2020-q2-update.win32_2.0.0.202105311346/tools/bin/../lib/gcc/arm-none-eabi/9.3.1/../../../../arm-none-eabi/lib/thumb/v7-m/nofp\libc_nano.a
END GROUP
START GROUP
LOAD d:/stm32cubeide/stm32cubeide_1.7.0/stm32cubeide/plugins/com.st.stm32cube.ide.mcu.externaltools.gnu-tools-for-stm32.9-2020-q2-update.win32_2.0.0.202105311346/tools/bin/../lib/gcc/arm-none-eabi/9.3.1/thumb/v7-m/nofp\libgcc.a
LOAD d:/stm32cubeide/stm32cubeide_1.7.0/stm32cubeide/plugins/com.st.stm32cube.ide.mcu.externaltools.gnu-tools-for-stm32.9-2020-q2-update.win32_2.0.0.202105311346/tools/bin/../lib/gcc/arm-none-eabi/9.3.1/../../../../arm-none-eabi/lib/thumb/v7-m/nofp\libc_nano.a
LOAD d:/stm32cubeide/stm32cubeide_1.7.0/stm32cubeide/plugins/com.st.stm32cube.ide.mcu.externaltools.gnu-tools-for-stm32.9-2020-q2-update.win32_2.0.0.202105311346/tools/bin/../lib/gcc/arm-none-eabi/9.3.1/../../../../arm-none-eabi/lib/thumb/v7-m/nofp\libnosys.a
END GROUP
START GROUP
LOAD d:/stm32cubeide/stm32cubeide_1.7.0/stm32cubeide/plugins/com.st.stm32cube.ide.mcu.externaltools.gnu-tools-for-stm32.9-2020-q2-update.win32_2.0.0.202105311346/tools/bin/../lib/gcc/arm-none-eabi/9.3.1/thumb/v7-m/nofp\libgcc.a
LOAD d:/stm32cubeide/stm32cubeide_1.7.0/stm32cubeide/plugins/com.st.stm32cube.ide.mcu.externaltools.gnu-tools-for-stm32.9-2020-q2-update.win32_2.0.0.202105311346/tools/bin/../lib/gcc/arm-none-eabi/9.3.1/../../../../arm-none-eabi/lib/thumb/v7-m/nofp\libc_nano.a
LOAD d:/stm32cubeide/stm32cubeide_1.7.0/stm32cubeide/plugins/com.st.stm32cube.ide.mcu.externaltools.gnu-tools-for-stm32.9-2020-q2-update.win32_2.0.0.202105311346/tools/bin/../lib/gcc/arm-none-eabi/9.3.1/../../../../arm-none-eabi/lib/thumb/v7-m/nofp\libnosys.a
END GROUP
LOAD d:/stm32cubeide/stm32cubeide_1.7.0/stm32cubeide/plugins/com.st.stm32cube.ide.mcu.externaltools.gnu-tools-for-stm32.9-2020-q2-update.win32_2.0.0.202105311346/tools/bin/../lib/gcc/arm-none-eabi/9.3.1/thumb/v7-m/nofp/crtend.o
LOAD d:/stm32cubeide/stm32cubeide_1.7.0/stm32cubeide/plugins/com.st.stm32cube.ide.mcu.externaltools.gnu-tools-for-stm32.9-2020-q2-update.win32_2.0.0.202105311346/tools/bin/../lib/gcc/arm-none-eabi/9.3.1/thumb/v7-m/nofp/crtn.o
                0x0000000020005000                _estack = (ORIGIN (RAM) + LENGTH (RAM))
                0x0000000000000200                _Min_Heap_Size = 0x200
                0x0000000000000400                _Min_Stack_Size = 0x400

.isr_vector     0x0000000008000000      0x10c
                0x0000000008000000                . = ALIGN (0x4)
 *(.isr_vector)
 .isr_vector    0x0000000008000000      0x10c ./Core/Startup/startup_stm32f103rbtx.o
                0x0000000008000000                g_pfnVectors
                0x000000000800010c                . = ALIGN (0x4)

.text           0x000000000800010c     0x2d80
                0x000000000800010c                . = ALIGN (0x4)
 *(.text)
 .text          0x000000000800010c       0x40 d:/stm32cubeide/stm32cubeide_1.7.0/stm32cubeide/plugins/com.st.stm32cube.ide.mcu.externaltools.gnu-tools-for-stm32.9-2020-q2-update.win32_2.0.0.202105311346/tools/bin/../lib/gcc/arm-none-eabi/9.3.1/thumb/v7-m/nofp/crtbegin.o
 *(.text*)
 .text.is_pressed
                0x000000000800014c       0x3c ./Core/Src/button.o
                0x000000000800014c                is_pressed
 .text.read_input
                0x0000000008000188      0x108 ./Core/Src/button.o
                0x0000000008000188                read_input
 .text.fsm_for_button
                0x0000000008000290       0xdc ./Core/Src/button.o
                0x0000000008000290                fsm_for_button
 .text.fsm_traffic_1_run
                0x000000000800036c       0xa8 ./Core/Src/fsm_traffic.o
                0x000000000800036c                fsm_traffic_1_run
 .text.fsm_traffic_2_run
                0x0000000008000414       0xa8 ./Core/Src/fsm_traffic.o
                0x0000000008000414                fsm_traffic_2_run
 .text.fsm_system_run
                0x00000000080004bc      0x270 ./Core/Src/fsm_traffic.o
                0x00000000080004bc                fsm_system_run
 .text.main     0x000000000800072c       0x64 ./Core/Src/main.o
                0x000000000800072c                main
 .text.SystemClock_Config
                0x0000000008000790       0x76 ./Core/Src/main.o
                0x0000000008000790                SystemClock_Config
 *fill*         0x0000000008000806        0x2 
 .text.MX_TIM2_Init
                0x0000000008000808       0x98 ./Core/Src/main.o
 .text.MX_TIM3_Init
                0x00000000080008a0       0xec ./Core/Src/main.o
 .text.MX_GPIO_Init
                0x000000000800098c       0xdc ./Core/Src/main.o
 .text.HAL_TIM_PeriodElapsedCallback
                0x0000000008000a68       0x14 ./Core/Src/main.o
                0x0000000008000a68                HAL_TIM_PeriodElapsedCallback
 .text.Error_Handler
                0x0000000008000a7c        0xa ./Core/Src/main.o
                0x0000000008000a7c                Error_Handler
 *fill*         0x0000000008000a86        0x2 
 .text.Scheduler_Init
                0x0000000008000a88       0x18 ./Core/Src/scheduler.o
                0x0000000008000a88                Scheduler_Init
 .text.Scheduler_Add_Task
                0x0000000008000aa0       0xb0 ./Core/Src/scheduler.o
                0x0000000008000aa0                Scheduler_Add_Task
 .text.Scheduler_Update
                0x0000000008000b50       0xd4 ./Core/Src/scheduler.o
                0x0000000008000b50                Scheduler_Update
 .text.Scheduler_Dispatch_Task
                0x0000000008000c24       0xb0 ./Core/Src/scheduler.o
                0x0000000008000c24                Scheduler_Dispatch_Task
 .text.Scheduler_Delete_Task
                0x0000000008000cd4      0x188 ./Core/Src/scheduler.o
                0x0000000008000cd4                Scheduler_Delete_Task
 .text.HAL_MspInit
                0x0000000008000e5c       0x64 ./Core/Src/stm32f1xx_hal_msp.o
                0x0000000008000e5c                HAL_MspInit
 .text.HAL_TIM_Base_MspInit
                0x0000000008000ec0       0x70 ./Core/Src/stm32f1xx_hal_msp.o
                0x0000000008000ec0                HAL_TIM_Base_MspInit
 .text.HAL_TIM_MspPostInit
                0x0000000008000f30       0x64 ./Core/Src/stm32f1xx_hal_msp.o
                0x0000000008000f30                HAL_TIM_MspPostInit
 .text.NMI_Handler
                0x0000000008000f94        0x6 ./Core/Src/stm32f1xx_it.o
                0x0000000008000f94                NMI_Handler
 .text.HardFault_Handler
                0x0000000008000f9a        0x6 ./Core/Src/stm32f1xx_it.o
                0x0000000008000f9a                HardFault_Handler
 .text.MemManage_Handler
                0x0000000008000fa0        0x6 ./Core/Src/stm32f1xx_it.o
                0x0000000008000fa0                MemManage_Handler
 .text.BusFault_Handler
                0x0000000008000fa6        0x6 ./Core/Src/stm32f1xx_it.o
                0x0000000008000fa6                BusFault_Handler
 .text.UsageFault_Handler
                0x0000000008000fac        0x6 ./Core/Src/stm32f1xx_it.o
                0x0000000008000fac                UsageFault_Handler
 .text.SVC_Handler
                0x0000000008000fb2        0xc ./Core/Src/stm32f1xx_it.o
                0x0000000008000fb2                SVC_Handler
 .text.DebugMon_Handler
                0x0000000008000fbe        0xc ./Core/Src/stm32f1xx_it.o
                0x0000000008000fbe                DebugMon_Handler
 .text.PendSV_Handler
                0x0000000008000fca        0xc ./Core/Src/stm32f1xx_it.o
                0x0000000008000fca                PendSV_Handler
 .text.SysTick_Handler
                0x0000000008000fd6        0xc ./Core/Src/stm32f1xx_it.o
                0x0000000008000fd6                SysTick_Handler
 *fill*         0x0000000008000fe2        0x2 
 .text.TIM2_IRQHandler
                0x0000000008000fe4       0x14 ./Core/Src/stm32f1xx_it.o
                0x0000000008000fe4                TIM2_IRQHandler
 .text.SystemInit
                0x0000000008000ff8        0xc ./Core/Src/system_stm32f1xx.o
                0x0000000008000ff8                SystemInit
 .text.set_timer
                0x0000000008001004       0x34 ./Core/Src/timer.o
                0x0000000008001004                set_timer
 .text.clear_timer
                0x0000000008001038       0x30 ./Core/Src/timer.o
                0x0000000008001038                clear_timer
 .text.is_timer_timeout
                0x0000000008001068       0x34 ./Core/Src/timer.o
                0x0000000008001068                is_timer_timeout
 .text.timer_run
                0x000000000800109c       0x60 ./Core/Src/timer.o
                0x000000000800109c                timer_run
 .text.turn_on_traffic_led_1
                0x00000000080010fc       0x9c ./Core/Src/traffic_led.o
                0x00000000080010fc                turn_on_traffic_led_1
 .text.turn_on_traffic_led_2
                0x0000000008001198       0x90 ./Core/Src/traffic_led.o
                0x0000000008001198                turn_on_traffic_led_2
 .text.blinking_led_traffic
                0x0000000008001228       0x60 ./Core/Src/traffic_led.o
                0x0000000008001228                blinking_led_traffic
 .text.Reset_Handler
                0x0000000008001288       0x48 ./Core/Startup/startup_stm32f103rbtx.o
                0x0000000008001288                Reset_Handler
 .text.Default_Handler
                0x00000000080012d0        0x2 ./Core/Startup/startup_stm32f103rbtx.o
                0x00000000080012d0                RTC_Alarm_IRQHandler
                0x00000000080012d0                EXTI2_IRQHandler
                0x00000000080012d0                TIM1_CC_IRQHandler
                0x00000000080012d0                PVD_IRQHandler
                0x00000000080012d0                EXTI3_IRQHandler
                0x00000000080012d0                EXTI0_IRQHandler
                0x00000000080012d0                I2C2_EV_IRQHandler
                0x00000000080012d0                ADC1_2_IRQHandler
                0x00000000080012d0                SPI1_IRQHandler
                0x00000000080012d0                TAMPER_IRQHandler
                0x00000000080012d0                DMA1_Channel4_IRQHandler
                0x00000000080012d0                USART3_IRQHandler
                0x00000000080012d0                RTC_IRQHandler
                0x00000000080012d0                DMA1_Channel7_IRQHandler
                0x00000000080012d0                CAN1_RX1_IRQHandler
                0x00000000080012d0                TIM4_IRQHandler
                0x00000000080012d0                I2C1_EV_IRQHandler
                0x00000000080012d0                DMA1_Channel6_IRQHandler
                0x00000000080012d0                TIM3_IRQHandler
                0x00000000080012d0                RCC_IRQHandler
                0x00000000080012d0                TIM1_TRG_COM_IRQHandler
                0x00000000080012d0                DMA1_Channel1_IRQHandler
                0x00000000080012d0                Default_Handler
                0x00000000080012d0                EXTI15_10_IRQHandler
                0x00000000080012d0                EXTI9_5_IRQHandler
                0x00000000080012d0                SPI2_IRQHandler
                0x00000000080012d0                DMA1_Channel5_IRQHandler
                0x00000000080012d0                EXTI4_IRQHandler
                0x00000000080012d0                USB_LP_CAN1_RX0_IRQHandler
                0x00000000080012d0                USB_HP_CAN1_TX_IRQHandler
                0x00000000080012d0                DMA1_Channel3_IRQHandler
                0x00000000080012d0                TIM1_UP_IRQHandler
                0x00000000080012d0                WWDG_IRQHandler
                0x00000000080012d0                TIM1_BRK_IRQHandler
                0x00000000080012d0                EXTI1_IRQHandler
                0x00000000080012d0                USART2_IRQHandler
                0x00000000080012d0                I2C2_ER_IRQHandler
                0x00000000080012d0                DMA1_Channel2_IRQHandler
                0x00000000080012d0                CAN1_SCE_IRQHandler
                0x00000000080012d0                FLASH_IRQHandler
                0x00000000080012d0                USART1_IRQHandler
                0x00000000080012d0                I2C1_ER_IRQHandler
                0x00000000080012d0                USBWakeUp_IRQHandler
 *fill*         0x00000000080012d2        0x2 
 .text.HAL_Init
                0x00000000080012d4       0x2c ./Drivers/STM32F1xx_HAL_Driver/Src/stm32f1xx_hal.o
                0x00000000080012d4                HAL_Init
 .text.HAL_InitTick
                0x0000000008001300       0x60 ./Drivers/STM32F1xx_HAL_Driver/Src/stm32f1xx_hal.o
                0x0000000008001300                HAL_InitTick
 .text.HAL_IncTick
                0x0000000008001360       0x24 ./Drivers/STM32F1xx_HAL_Driver/Src/stm32f1xx_hal.o
                0x0000000008001360                HAL_IncTick
 .text.HAL_GetTick
                0x0000000008001384       0x14 ./Drivers/STM32F1xx_HAL_Driver/Src/stm32f1xx_hal.o
                0x0000000008001384                HAL_GetTick
 .text.__NVIC_SetPriorityGrouping
                0x0000000008001398       0x48 ./Drivers/STM32F1xx_HAL_Driver/Src/stm32f1xx_hal_cortex.o
 .text.__NVIC_GetPriorityGrouping
                0x00000000080013e0       0x1c ./Drivers/STM32F1xx_HAL_Driver/Src/stm32f1xx_hal_cortex.o
 .text.__NVIC_EnableIRQ
                0x00000000080013fc       0x38 ./Drivers/STM32F1xx_HAL_Driver/Src/stm32f1xx_hal_cortex.o
 .text.__NVIC_SetPriority
                0x0000000008001434       0x54 ./Drivers/STM32F1xx_HAL_Driver/Src/stm32f1xx_hal_cortex.o
 .text.NVIC_EncodePriority
                0x0000000008001488       0x64 ./Drivers/STM32F1xx_HAL_Driver/Src/stm32f1xx_hal_cortex.o
 .text.SysTick_Config
                0x00000000080014ec       0x44 ./Drivers/STM32F1xx_HAL_Driver/Src/stm32f1xx_hal_cortex.o
 .text.HAL_NVIC_SetPriorityGrouping
                0x0000000008001530       0x16 ./Drivers/STM32F1xx_HAL_Driver/Src/stm32f1xx_hal_cortex.o
                0x0000000008001530                HAL_NVIC_SetPriorityGrouping
 .text.HAL_NVIC_SetPriority
                0x0000000008001546       0x38 ./Drivers/STM32F1xx_HAL_Driver/Src/stm32f1xx_hal_cortex.o
                0x0000000008001546                HAL_NVIC_SetPriority
 .text.HAL_NVIC_EnableIRQ
                0x000000000800157e       0x1c ./Drivers/STM32F1xx_HAL_Driver/Src/stm32f1xx_hal_cortex.o
                0x000000000800157e                HAL_NVIC_EnableIRQ
 .text.HAL_SYSTICK_Config
                0x000000000800159a       0x18 ./Drivers/STM32F1xx_HAL_Driver/Src/stm32f1xx_hal_cortex.o
                0x000000000800159a                HAL_SYSTICK_Config
 *fill*         0x00000000080015b2        0x2 
 .text.HAL_GPIO_Init
                0x00000000080015b4      0x308 ./Drivers/STM32F1xx_HAL_Driver/Src/stm32f1xx_hal_gpio.o
                0x00000000080015b4                HAL_GPIO_Init
 .text.HAL_GPIO_ReadPin
                0x00000000080018bc       0x2e ./Drivers/STM32F1xx_HAL_Driver/Src/stm32f1xx_hal_gpio.o
                0x00000000080018bc                HAL_GPIO_ReadPin
 .text.HAL_GPIO_WritePin
                0x00000000080018ea       0x30 ./Drivers/STM32F1xx_HAL_Driver/Src/stm32f1xx_hal_gpio.o
                0x00000000080018ea                HAL_GPIO_WritePin
 *fill*         0x000000000800191a        0x2 
 .text.HAL_RCC_OscConfig
                0x000000000800191c      0x500 ./Drivers/STM32F1xx_HAL_Driver/Src/stm32f1xx_hal_rcc.o
                0x000000000800191c                HAL_RCC_OscConfig
 .text.HAL_RCC_ClockConfig
                0x0000000008001e1c      0x1d4 ./Drivers/STM32F1xx_HAL_Driver/Src/stm32f1xx_hal_rcc.o
                0x0000000008001e1c                HAL_RCC_ClockConfig
 .text.HAL_RCC_GetSysClockFreq
                0x0000000008001ff0       0xc0 ./Drivers/STM32F1xx_HAL_Driver/Src/stm32f1xx_hal_rcc.o
                0x0000000008001ff0                HAL_RCC_GetSysClockFreq
 .text.RCC_Delay
                0x00000000080020b0       0x3c ./Drivers/STM32F1xx_HAL_Driver/Src/stm32f1xx_hal_rcc.o
 .text.HAL_TIM_Base_Init
                0x00000000080020ec       0x9e ./Drivers/STM32F1xx_HAL_Driver/Src/stm32f1xx_hal_tim.o
                0x00000000080020ec                HAL_TIM_Base_Init
 *fill*         0x000000000800218a        0x2 
 .text.HAL_TIM_Base_Start_IT
                0x000000000800218c       0xa4 ./Drivers/STM32F1xx_HAL_Driver/Src/stm32f1xx_hal_tim.o
                0x000000000800218c                HAL_TIM_Base_Start_IT
 .text.HAL_TIM_PWM_Init
                0x0000000008002230       0x9e ./Drivers/STM32F1xx_HAL_Driver/Src/stm32f1xx_hal_tim.o
                0x0000000008002230                HAL_TIM_PWM_Init
 .text.HAL_TIM_PWM_MspInit
                0x00000000080022ce       0x12 ./Drivers/STM32F1xx_HAL_Driver/Src/stm32f1xx_hal_tim.o
                0x00000000080022ce                HAL_TIM_PWM_MspInit
 .text.HAL_TIM_IRQHandler
                0x00000000080022e0      0x210 ./Drivers/STM32F1xx_HAL_Driver/Src/stm32f1xx_hal_tim.o
                0x00000000080022e0                HAL_TIM_IRQHandler
 .text.HAL_TIM_PWM_ConfigChannel
                0x00000000080024f0      0x17c ./Drivers/STM32F1xx_HAL_Driver/Src/stm32f1xx_hal_tim.o
                0x00000000080024f0                HAL_TIM_PWM_ConfigChannel
 .text.HAL_TIM_ConfigClockSource
                0x000000000800266c      0x188 ./Drivers/STM32F1xx_HAL_Driver/Src/stm32f1xx_hal_tim.o
                0x000000000800266c                HAL_TIM_ConfigClockSource
 .text.HAL_TIM_OC_DelayElapsedCallback
                0x00000000080027f4       0x12 ./Drivers/STM32F1xx_HAL_Driver/Src/stm32f1xx_hal_tim.o
                0x00000000080027f4                HAL_TIM_OC_DelayElapsedCallback
 .text.HAL_TIM_IC_CaptureCallback
                0x0000000008002806       0x12 ./Drivers/STM32F1xx_HAL_Driver/Src/stm32f1xx_hal_tim.o
                0x0000000008002806                HAL_TIM_IC_CaptureCallback
 .text.HAL_TIM_PWM_PulseFinishedCallback
                0x0000000008002818       0x12 ./Drivers/STM32F1xx_HAL_Driver/Src/stm32f1xx_hal_tim.o
                0x0000000008002818                HAL_TIM_PWM_PulseFinishedCallback
 .text.HAL_TIM_TriggerCallback
                0x000000000800282a       0x12 ./Drivers/STM32F1xx_HAL_Driver/Src/stm32f1xx_hal_tim.o
                0x000000000800282a                HAL_TIM_TriggerCallback
 .text.TIM_Base_SetConfig
                0x000000000800283c       0xc4 ./Drivers/STM32F1xx_HAL_Driver/Src/stm32f1xx_hal_tim.o
                0x000000000800283c                TIM_Base_SetConfig
 .text.TIM_OC1_SetConfig
                0x0000000008002900       0xcc ./Drivers/STM32F1xx_HAL_Driver/Src/stm32f1xx_hal_tim.o
 .text.TIM_OC2_SetConfig
                0x00000000080029cc       0xd4 ./Drivers/STM32F1xx_HAL_Driver/Src/stm32f1xx_hal_tim.o
                0x00000000080029cc                TIM_OC2_SetConfig
 .text.TIM_OC3_SetConfig
                0x0000000008002aa0       0xd4 ./Drivers/STM32F1xx_HAL_Driver/Src/stm32f1xx_hal_tim.o
 .text.TIM_OC4_SetConfig
                0x0000000008002b74       0x9c ./Drivers/STM32F1xx_HAL_Driver/Src/stm32f1xx_hal_tim.o
 .text.TIM_TI1_ConfigInputStage
                0x0000000008002c10       0x5c ./Drivers/STM32F1xx_HAL_Driver/Src/stm32f1xx_hal_tim.o
 .text.TIM_TI2_ConfigInputStage
                0x0000000008002c6c       0x5e ./Drivers/STM32F1xx_HAL_Driver/Src/stm32f1xx_hal_tim.o
 .text.TIM_ITRx_SetConfig
                0x0000000008002cca       0x34 ./Drivers/STM32F1xx_HAL_Driver/Src/stm32f1xx_hal_tim.o
 .text.TIM_ETR_SetConfig
                0x0000000008002cfe       0x3e ./Drivers/STM32F1xx_HAL_Driver/Src/stm32f1xx_hal_tim.o
                0x0000000008002cfe                TIM_ETR_SetConfig
 .text.HAL_TIMEx_MasterConfigSynchronization
                0x0000000008002d3c       0xbc ./Drivers/STM32F1xx_HAL_Driver/Src/stm32f1xx_hal_tim_ex.o
                0x0000000008002d3c                HAL_TIMEx_MasterConfigSynchronization
 .text.HAL_TIMEx_CommutCallback
                0x0000000008002df8       0x12 ./Drivers/STM32F1xx_HAL_Driver/Src/stm32f1xx_hal_tim_ex.o
                0x0000000008002df8                HAL_TIMEx_CommutCallback
 .text.HAL_TIMEx_BreakCallback
                0x0000000008002e0a       0x12 ./Drivers/STM32F1xx_HAL_Driver/Src/stm32f1xx_hal_tim_ex.o
                0x0000000008002e0a                HAL_TIMEx_BreakCallback
 .text.__libc_init_array
                0x0000000008002e1c       0x48 d:/stm32cubeide/stm32cubeide_1.7.0/stm32cubeide/plugins/com.st.stm32cube.ide.mcu.externaltools.gnu-tools-for-stm32.9-2020-q2-update.win32_2.0.0.202105311346/tools/bin/../lib/gcc/arm-none-eabi/9.3.1/../../../../arm-none-eabi/lib/thumb/v7-m/nofp\libc_nano.a(lib_a-init.o)
                0x0000000008002e1c                __libc_init_array
 .text.memset   0x0000000008002e64       0x10 d:/stm32cubeide/stm32cubeide_1.7.0/stm32cubeide/plugins/com.st.stm32cube.ide.mcu.externaltools.gnu-tools-for-stm32.9-2020-q2-update.win32_2.0.0.202105311346/tools/bin/../lib/gcc/arm-none-eabi/9.3.1/../../../../arm-none-eabi/lib/thumb/v7-m/nofp\libc_nano.a(lib_a-memset.o)
                0x0000000008002e64                memset
 *(.glue_7)
 .glue_7        0x0000000008002e74        0x0 linker stubs
 *(.glue_7t)
 .glue_7t       0x0000000008002e74        0x0 linker stubs
 *(.eh_frame)
 .eh_frame      0x0000000008002e74        0x0 d:/stm32cubeide/stm32cubeide_1.7.0/stm32cubeide/plugins/com.st.stm32cube.ide.mcu.externaltools.gnu-tools-for-stm32.9-2020-q2-update.win32_2.0.0.202105311346/tools/bin/../lib/gcc/arm-none-eabi/9.3.1/thumb/v7-m/nofp/crtbegin.o
 *(.init)
 .init          0x0000000008002e74        0x4 d:/stm32cubeide/stm32cubeide_1.7.0/stm32cubeide/plugins/com.st.stm32cube.ide.mcu.externaltools.gnu-tools-for-stm32.9-2020-q2-update.win32_2.0.0.202105311346/tools/bin/../lib/gcc/arm-none-eabi/9.3.1/thumb/v7-m/nofp/crti.o
                0x0000000008002e74                _init
 .init          0x0000000008002e78        0x8 d:/stm32cubeide/stm32cubeide_1.7.0/stm32cubeide/plugins/com.st.stm32cube.ide.mcu.externaltools.gnu-tools-for-stm32.9-2020-q2-update.win32_2.0.0.202105311346/tools/bin/../lib/gcc/arm-none-eabi/9.3.1/thumb/v7-m/nofp/crtn.o
 *(.fini)
 .fini          0x0000000008002e80        0x4 d:/stm32cubeide/stm32cubeide_1.7.0/stm32cubeide/plugins/com.st.stm32cube.ide.mcu.externaltools.gnu-tools-for-stm32.9-2020-q2-update.win32_2.0.0.202105311346/tools/bin/../lib/gcc/arm-none-eabi/9.3.1/thumb/v7-m/nofp/crti.o
                0x0000000008002e80                _fini
 .fini          0x0000000008002e84        0x8 d:/stm32cubeide/stm32cubeide_1.7.0/stm32cubeide/plugins/com.st.stm32cube.ide.mcu.externaltools.gnu-tools-for-stm32.9-2020-q2-update.win32_2.0.0.202105311346/tools/bin/../lib/gcc/arm-none-eabi/9.3.1/thumb/v7-m/nofp/crtn.o
                0x0000000008002e8c                . = ALIGN (0x4)
                0x0000000008002e8c                _etext = .

.vfp11_veneer   0x0000000008002e8c        0x0
 .vfp11_veneer  0x0000000008002e8c        0x0 linker stubs

.v4_bx          0x0000000008002e8c        0x0
 .v4_bx         0x0000000008002e8c        0x0 linker stubs

.iplt           0x0000000008002e8c        0x0
 .iplt          0x0000000008002e8c        0x0 d:/stm32cubeide/stm32cubeide_1.7.0/stm32cubeide/plugins/com.st.stm32cube.ide.mcu.externaltools.gnu-tools-for-stm32.9-2020-q2-update.win32_2.0.0.202105311346/tools/bin/../lib/gcc/arm-none-eabi/9.3.1/thumb/v7-m/nofp/crtbegin.o

.rodata         0x0000000008002e8c       0x20
                0x0000000008002e8c                . = ALIGN (0x4)
 *(.rodata)
 .rodata        0x0000000008002e8c       0x10 ./Drivers/STM32F1xx_HAL_Driver/Src/stm32f1xx_hal_rcc.o
 *(.rodata*)
 .rodata.AHBPrescTable
                0x0000000008002e9c       0x10 ./Core/Src/system_stm32f1xx.o
                0x0000000008002e9c                AHBPrescTable
                0x0000000008002eac                . = ALIGN (0x4)

.rel.dyn        0x0000000008002eac        0x0
 .rel.iplt      0x0000000008002eac        0x0 d:/stm32cubeide/stm32cubeide_1.7.0/stm32cubeide/plugins/com.st.stm32cube.ide.mcu.externaltools.gnu-tools-for-stm32.9-2020-q2-update.win32_2.0.0.202105311346/tools/bin/../lib/gcc/arm-none-eabi/9.3.1/thumb/v7-m/nofp/crtbegin.o

.ARM.extab      0x0000000008002eac        0x0
                0x0000000008002eac                . = ALIGN (0x4)
 *(.ARM.extab* .gnu.linkonce.armextab.*)
                0x0000000008002eac                . = ALIGN (0x4)

.ARM            0x0000000008002eac        0x0
                0x0000000008002eac                . = ALIGN (0x4)
                0x0000000008002eac                __exidx_start = .
 *(.ARM.exidx*)
                0x0000000008002eac                __exidx_end = .
                0x0000000008002eac                . = ALIGN (0x4)

.preinit_array  0x0000000008002eac        0x0
                0x0000000008002eac                . = ALIGN (0x4)
                0x0000000008002eac                PROVIDE (__preinit_array_start = .)
 *(.preinit_array*)
                0x0000000008002eac                PROVIDE (__preinit_array_end = .)
                0x0000000008002eac                . = ALIGN (0x4)

.init_array     0x0000000008002eac        0x4
                0x0000000008002eac                . = ALIGN (0x4)
                0x0000000008002eac                PROVIDE (__init_array_start = .)
 *(SORT_BY_NAME(.init_array.*))
 *(.init_array*)
 .init_array    0x0000000008002eac        0x4 d:/stm32cubeide/stm32cubeide_1.7.0/stm32cubeide/plugins/com.st.stm32cube.ide.mcu.externaltools.gnu-tools-for-stm32.9-2020-q2-update.win32_2.0.0.202105311346/tools/bin/../lib/gcc/arm-none-eabi/9.3.1/thumb/v7-m/nofp/crtbegin.o
                0x0000000008002eb0                PROVIDE (__init_array_end = .)
                0x0000000008002eb0                . = ALIGN (0x4)

.fini_array     0x0000000008002eb0        0x4
                0x0000000008002eb0                . = ALIGN (0x4)
                [!provide]                        PROVIDE (__fini_array_start = .)
 *(SORT_BY_NAME(.fini_array.*))
 *(.fini_array*)
 .fini_array    0x0000000008002eb0        0x4 d:/stm32cubeide/stm32cubeide_1.7.0/stm32cubeide/plugins/com.st.stm32cube.ide.mcu.externaltools.gnu-tools-for-stm32.9-2020-q2-update.win32_2.0.0.202105311346/tools/bin/../lib/gcc/arm-none-eabi/9.3.1/thumb/v7-m/nofp/crtbegin.o
                [!provide]                        PROVIDE (__fini_array_end = .)
                0x0000000008002eb4                . = ALIGN (0x4)
                0x0000000008002eb4                _sidata = LOADADDR (.data)

.data           0x0000000020000000       0x74 load address 0x0000000008002eb4
                0x0000000020000000                . = ALIGN (0x4)
                0x0000000020000000                _sdata = .
 *(.data)
 *(.data*)
 .data.state_of_button
                0x0000000020000000       0x10 ./Core/Src/button.o
                0x0000000020000000                state_of_button
 .data.register0_key
                0x0000000020000010       0x10 ./Core/Src/button.o
                0x0000000020000010                register0_key
 .data.register1_key
                0x0000000020000020       0x10 ./Core/Src/button.o
                0x0000000020000020                register1_key
 .data.register2_key
                0x0000000020000030       0x10 ./Core/Src/button.o
                0x0000000020000030                register2_key
 .data.button_buffer
                0x0000000020000040       0x10 ./Core/Src/button.o
                0x0000000020000040                button_buffer
 .data.state_led_traffic_1
                0x0000000020000050        0x4 ./Core/Src/global.o
                0x0000000020000050                state_led_traffic_1
 .data.state_led_traffic_2
                0x0000000020000054        0x4 ./Core/Src/global.o
                0x0000000020000054                state_led_traffic_2
 .data.duration_time_of_RED
                0x0000000020000058        0x4 ./Core/Src/global.o
                0x0000000020000058                duration_time_of_RED
 .data.duration_time_of_YELLOW
                0x000000002000005c        0x4 ./Core/Src/global.o
                0x000000002000005c                duration_time_of_YELLOW
 .data.duration_time_of_GREEN
                0x0000000020000060        0x4 ./Core/Src/global.o
                0x0000000020000060                duration_time_of_GREEN
 .data.buffer_duration_time
                0x0000000020000064        0x4 ./Core/Src/global.o
                0x0000000020000064                buffer_duration_time
 .data.SystemCoreClock
                0x0000000020000068        0x4 ./Core/Src/system_stm32f1xx.o
                0x0000000020000068                SystemCoreClock
 .data.uwTickPrio
                0x000000002000006c        0x4 ./Drivers/STM32F1xx_HAL_Driver/Src/stm32f1xx_hal.o
                0x000000002000006c                uwTickPrio
 .data.uwTickFreq
                0x0000000020000070        0x1 ./Drivers/STM32F1xx_HAL_Driver/Src/stm32f1xx_hal.o
                0x0000000020000070                uwTickFreq
 *(.RamFunc)
 *(.RamFunc*)
                0x0000000020000074                . = ALIGN (0x4)
 *fill*         0x0000000020000071        0x3 
                0x0000000020000074                _edata = .

.igot.plt       0x0000000020000074        0x0 load address 0x0000000008002f28
 .igot.plt      0x0000000020000074        0x0 d:/stm32cubeide/stm32cubeide_1.7.0/stm32cubeide/plugins/com.st.stm32cube.ide.mcu.externaltools.gnu-tools-for-stm32.9-2020-q2-update.win32_2.0.0.202105311346/tools/bin/../lib/gcc/arm-none-eabi/9.3.1/thumb/v7-m/nofp/crtbegin.o
                0x0000000020000074                . = ALIGN (0x4)

.bss            0x0000000020000074      0x478 load address 0x0000000008002f28
                0x0000000020000074                _sbss = .
                0x0000000020000074                __bss_start__ = _sbss
 *(.bss)
 .bss           0x0000000020000074       0x1c d:/stm32cubeide/stm32cubeide_1.7.0/stm32cubeide/plugins/com.st.stm32cube.ide.mcu.externaltools.gnu-tools-for-stm32.9-2020-q2-update.win32_2.0.0.202105311346/tools/bin/../lib/gcc/arm-none-eabi/9.3.1/thumb/v7-m/nofp/crtbegin.o
 *(.bss*)
 .bss.flag_for_pressed
                0x0000000020000090       0x10 ./Core/Src/button.o
                0x0000000020000090                flag_for_pressed
 .bss.flag_for_pressed_3s
                0x00000000200000a0       0x10 ./Core/Src/button.o
                0x00000000200000a0                flag_for_pressed_3s
 .bss.mode      0x00000000200000b0        0x4 ./Core/Src/global.o
                0x00000000200000b0                mode
 .bss.current_index
                0x00000000200000b4        0x4 ./Core/Src/scheduler.o
                0x00000000200000b4                current_index
 .bss.ERROR_CODE_G
                0x00000000200000b8        0x1 ./Core/Src/scheduler.o
                0x00000000200000b8                ERROR_CODE_G
 *fill*         0x00000000200000b9        0x3 
 .bss.timer_counter
                0x00000000200000bc       0x3c ./Core/Src/timer.o
                0x00000000200000bc                timer_counter
 .bss.timer_flag
                0x00000000200000f8       0x3c ./Core/Src/timer.o
                0x00000000200000f8                timer_flag
 .bss.blinking_at_on
                0x0000000020000134        0x4 ./Core/Src/traffic_led.o
                0x0000000020000134                blinking_at_on
 *(COMMON)
 COMMON         0x0000000020000138       0x90 ./Core/Src/main.o
                0x0000000020000138                htim3
                0x0000000020000180                htim2
 COMMON         0x00000000200001c8      0x320 ./Core/Src/scheduler.o
                0x00000000200001c8                Scheduler_Task_Array
 COMMON         0x00000000200004e8        0x4 ./Drivers/STM32F1xx_HAL_Driver/Src/stm32f1xx_hal.o
                0x00000000200004e8                uwTick
                0x00000000200004ec                . = ALIGN (0x4)
                0x00000000200004ec                _ebss = .
                0x00000000200004ec                __bss_end__ = _ebss

._user_heap_stack
                0x00000000200004ec      0x604 load address 0x0000000008002f28
                0x00000000200004f0                . = ALIGN (0x8)
 *fill*         0x00000000200004ec        0x4 
                [!provide]                        PROVIDE (end = .)
                0x00000000200004f0                PROVIDE (_end = .)
                0x00000000200006f0                . = (. + _Min_Heap_Size)
 *fill*         0x00000000200004f0      0x200 
                0x0000000020000af0                . = (. + _Min_Stack_Size)
 *fill*         0x00000000200006f0      0x400 
                0x0000000020000af0                . = ALIGN (0x8)

/DISCARD/
 libc.a(*)
 libm.a(*)
 libgcc.a(*)

.ARM.attributes
                0x0000000000000000       0x29
 *(.ARM.attributes)
 .ARM.attributes
                0x0000000000000000       0x1d d:/stm32cubeide/stm32cubeide_1.7.0/stm32cubeide/plugins/com.st.stm32cube.ide.mcu.externaltools.gnu-tools-for-stm32.9-2020-q2-update.win32_2.0.0.202105311346/tools/bin/../lib/gcc/arm-none-eabi/9.3.1/thumb/v7-m/nofp/crti.o
 .ARM.attributes
                0x000000000000001d       0x2d d:/stm32cubeide/stm32cubeide_1.7.0/stm32cubeide/plugins/com.st.stm32cube.ide.mcu.externaltools.gnu-tools-for-stm32.9-2020-q2-update.win32_2.0.0.202105311346/tools/bin/../lib/gcc/arm-none-eabi/9.3.1/thumb/v7-m/nofp/crtbegin.o
 .ARM.attributes
                0x000000000000004a       0x2d ./Core/Src/button.o
 .ARM.attributes
                0x0000000000000077       0x2d ./Core/Src/fsm_traffic.o
 .ARM.attributes
                0x00000000000000a4       0x33 ./Core/Src/global.o
 .ARM.attributes
                0x00000000000000d7       0x2d ./Core/Src/main.o
 .ARM.attributes
                0x0000000000000104       0x2d ./Core/Src/scheduler.o
 .ARM.attributes
                0x0000000000000131       0x2d ./Core/Src/stm32f1xx_hal_msp.o
 .ARM.attributes
                0x000000000000015e       0x2d ./Core/Src/stm32f1xx_it.o
 .ARM.attributes
                0x000000000000018b       0x2d ./Core/Src/system_stm32f1xx.o
 .ARM.attributes
                0x00000000000001b8       0x2d ./Core/Src/timer.o
 .ARM.attributes
                0x00000000000001e5       0x2d ./Core/Src/traffic_led.o
 .ARM.attributes
                0x0000000000000212       0x21 ./Core/Startup/startup_stm32f103rbtx.o
 .ARM.attributes
                0x0000000000000233       0x2d ./Drivers/STM32F1xx_HAL_Driver/Src/stm32f1xx_hal.o
 .ARM.attributes
                0x0000000000000260       0x2d ./Drivers/STM32F1xx_HAL_Driver/Src/stm32f1xx_hal_cortex.o
 .ARM.attributes
                0x000000000000028d       0x2d ./Drivers/STM32F1xx_HAL_Driver/Src/stm32f1xx_hal_gpio.o
 .ARM.attributes
                0x00000000000002ba       0x2d ./Drivers/STM32F1xx_HAL_Driver/Src/stm32f1xx_hal_rcc.o
 .ARM.attributes
                0x00000000000002e7       0x2d ./Drivers/STM32F1xx_HAL_Driver/Src/stm32f1xx_hal_tim.o
 .ARM.attributes
                0x0000000000000314       0x2d ./Drivers/STM32F1xx_HAL_Driver/Src/stm32f1xx_hal_tim_ex.o
 .ARM.attributes
                0x0000000000000341       0x2d d:/stm32cubeide/stm32cubeide_1.7.0/stm32cubeide/plugins/com.st.stm32cube.ide.mcu.externaltools.gnu-tools-for-stm32.9-2020-q2-update.win32_2.0.0.202105311346/tools/bin/../lib/gcc/arm-none-eabi/9.3.1/../../../../arm-none-eabi/lib/thumb/v7-m/nofp\libc_nano.a(lib_a-init.o)
 .ARM.attributes
                0x000000000000036e       0x2d d:/stm32cubeide/stm32cubeide_1.7.0/stm32cubeide/plugins/com.st.stm32cube.ide.mcu.externaltools.gnu-tools-for-stm32.9-2020-q2-update.win32_2.0.0.202105311346/tools/bin/../lib/gcc/arm-none-eabi/9.3.1/../../../../arm-none-eabi/lib/thumb/v7-m/nofp\libc_nano.a(lib_a-memset.o)
 .ARM.attributes
                0x000000000000039b       0x1d d:/stm32cubeide/stm32cubeide_1.7.0/stm32cubeide/plugins/com.st.stm32cube.ide.mcu.externaltools.gnu-tools-for-stm32.9-2020-q2-update.win32_2.0.0.202105311346/tools/bin/../lib/gcc/arm-none-eabi/9.3.1/thumb/v7-m/nofp/crtn.o
OUTPUT(MCU_project.elf elf32-littlearm)
LOAD linker stubs
LOAD d:/stm32cubeide/stm32cubeide_1.7.0/stm32cubeide/plugins/com.st.stm32cube.ide.mcu.externaltools.gnu-tools-for-stm32.9-2020-q2-update.win32_2.0.0.202105311346/tools/bin/../lib/gcc/arm-none-eabi/9.3.1/../../../../arm-none-eabi/lib/thumb/v7-m/nofp\libc.a
LOAD d:/stm32cubeide/stm32cubeide_1.7.0/stm32cubeide/plugins/com.st.stm32cube.ide.mcu.externaltools.gnu-tools-for-stm32.9-2020-q2-update.win32_2.0.0.202105311346/tools/bin/../lib/gcc/arm-none-eabi/9.3.1/../../../../arm-none-eabi/lib/thumb/v7-m/nofp\libm.a
LOAD d:/stm32cubeide/stm32cubeide_1.7.0/stm32cubeide/plugins/com.st.stm32cube.ide.mcu.externaltools.gnu-tools-for-stm32.9-2020-q2-update.win32_2.0.0.202105311346/tools/bin/../lib/gcc/arm-none-eabi/9.3.1/thumb/v7-m/nofp\libgcc.a

.debug_info     0x0000000000000000     0x94b7
 .debug_info    0x0000000000000000      0x445 ./Core/Src/button.o
 .debug_info    0x0000000000000445      0x2a2 ./Core/Src/fsm_traffic.o
 .debug_info    0x00000000000006e7       0xdf ./Core/Src/global.o
 .debug_info    0x00000000000007c6      0xd49 ./Core/Src/main.o
 .debug_info    0x000000000000150f      0x2a2 ./Core/Src/scheduler.o
 .debug_info    0x00000000000017b1      0xb69 ./Core/Src/stm32f1xx_hal_msp.o
 .debug_info    0x000000000000231a      0x7b4 ./Core/Src/stm32f1xx_it.o
 .debug_info    0x0000000000002ace      0x2be ./Core/Src/system_stm32f1xx.o
 .debug_info    0x0000000000002d8c      0x1a9 ./Core/Src/timer.o
 .debug_info    0x0000000000002f35      0x371 ./Core/Src/traffic_led.o
 .debug_info    0x00000000000032a6       0x22 ./Core/Startup/startup_stm32f103rbtx.o
 .debug_info    0x00000000000032c8      0x76a ./Drivers/STM32F1xx_HAL_Driver/Src/stm32f1xx_hal.o
 .debug_info    0x0000000000003a32      0xbdc ./Drivers/STM32F1xx_HAL_Driver/Src/stm32f1xx_hal_cortex.o
 .debug_info    0x000000000000460e      0x701 ./Drivers/STM32F1xx_HAL_Driver/Src/stm32f1xx_hal_gpio.o
 .debug_info    0x0000000000004d0f      0x88e ./Drivers/STM32F1xx_HAL_Driver/Src/stm32f1xx_hal_rcc.o
 .debug_info    0x000000000000559d     0x2a45 ./Drivers/STM32F1xx_HAL_Driver/Src/stm32f1xx_hal_tim.o
 .debug_info    0x0000000000007fe2     0x14d5 ./Drivers/STM32F1xx_HAL_Driver/Src/stm32f1xx_hal_tim_ex.o

.debug_abbrev   0x0000000000000000     0x1b0c
 .debug_abbrev  0x0000000000000000      0x16c ./Core/Src/button.o
 .debug_abbrev  0x000000000000016c       0xb6 ./Core/Src/fsm_traffic.o
 .debug_abbrev  0x0000000000000222       0x40 ./Core/Src/global.o
 .debug_abbrev  0x0000000000000262      0x273 ./Core/Src/main.o
 .debug_abbrev  0x00000000000004d5      0x145 ./Core/Src/scheduler.o
 .debug_abbrev  0x000000000000061a      0x1c8 ./Core/Src/stm32f1xx_hal_msp.o
 .debug_abbrev  0x00000000000007e2      0x176 ./Core/Src/stm32f1xx_it.o
 .debug_abbrev  0x0000000000000958      0x14e ./Core/Src/system_stm32f1xx.o
 .debug_abbrev  0x0000000000000aa6       0xfa ./Core/Src/timer.o
 .debug_abbrev  0x0000000000000ba0      0x13b ./Core/Src/traffic_led.o
 .debug_abbrev  0x0000000000000cdb       0x12 ./Core/Startup/startup_stm32f103rbtx.o
 .debug_abbrev  0x0000000000000ced      0x1ed ./Drivers/STM32F1xx_HAL_Driver/Src/stm32f1xx_hal.o
 .debug_abbrev  0x0000000000000eda      0x313 ./Drivers/STM32F1xx_HAL_Driver/Src/stm32f1xx_hal_cortex.o
 .debug_abbrev  0x00000000000011ed      0x1e8 ./Drivers/STM32F1xx_HAL_Driver/Src/stm32f1xx_hal_gpio.o
 .debug_abbrev  0x00000000000013d5      0x273 ./Drivers/STM32F1xx_HAL_Driver/Src/stm32f1xx_hal_rcc.o
 .debug_abbrev  0x0000000000001648      0x25e ./Drivers/STM32F1xx_HAL_Driver/Src/stm32f1xx_hal_tim.o
 .debug_abbrev  0x00000000000018a6      0x266 ./Drivers/STM32F1xx_HAL_Driver/Src/stm32f1xx_hal_tim_ex.o

.debug_aranges  0x0000000000000000      0xa78
 .debug_aranges
                0x0000000000000000       0x40 ./Core/Src/button.o
 .debug_aranges
                0x0000000000000040       0x30 ./Core/Src/fsm_traffic.o
 .debug_aranges
                0x0000000000000070       0x18 ./Core/Src/global.o
 .debug_aranges
                0x0000000000000088       0x50 ./Core/Src/main.o
 .debug_aranges
                0x00000000000000d8       0x40 ./Core/Src/scheduler.o
 .debug_aranges
                0x0000000000000118       0x38 ./Core/Src/stm32f1xx_hal_msp.o
 .debug_aranges
                0x0000000000000150       0x68 ./Core/Src/stm32f1xx_it.o
 .debug_aranges
                0x00000000000001b8       0x28 ./Core/Src/system_stm32f1xx.o
 .debug_aranges
                0x00000000000001e0       0x40 ./Core/Src/timer.o
 .debug_aranges
                0x0000000000000220       0x30 ./Core/Src/traffic_led.o
 .debug_aranges
                0x0000000000000250       0x28 ./Core/Startup/startup_stm32f103rbtx.o
 .debug_aranges
                0x0000000000000278       0xe0 ./Drivers/STM32F1xx_HAL_Driver/Src/stm32f1xx_hal.o
 .debug_aranges
                0x0000000000000358      0x100 ./Drivers/STM32F1xx_HAL_Driver/Src/stm32f1xx_hal_cortex.o
 .debug_aranges
                0x0000000000000458       0x58 ./Drivers/STM32F1xx_HAL_Driver/Src/stm32f1xx_hal_gpio.o
 .debug_aranges
                0x00000000000004b0       0x90 ./Drivers/STM32F1xx_HAL_Driver/Src/stm32f1xx_hal_rcc.o
 .debug_aranges
                0x0000000000000540      0x3d0 ./Drivers/STM32F1xx_HAL_Driver/Src/stm32f1xx_hal_tim.o
 .debug_aranges
                0x0000000000000910      0x168 ./Drivers/STM32F1xx_HAL_Driver/Src/stm32f1xx_hal_tim_ex.o

.debug_ranges   0x0000000000000000      0x968
 .debug_ranges  0x0000000000000000       0x30 ./Core/Src/button.o
 .debug_ranges  0x0000000000000030       0x20 ./Core/Src/fsm_traffic.o
 .debug_ranges  0x0000000000000050       0x40 ./Core/Src/main.o
 .debug_ranges  0x0000000000000090       0x30 ./Core/Src/scheduler.o
 .debug_ranges  0x00000000000000c0       0x28 ./Core/Src/stm32f1xx_hal_msp.o
 .debug_ranges  0x00000000000000e8       0x58 ./Core/Src/stm32f1xx_it.o
 .debug_ranges  0x0000000000000140       0x18 ./Core/Src/system_stm32f1xx.o
 .debug_ranges  0x0000000000000158       0x30 ./Core/Src/timer.o
 .debug_ranges  0x0000000000000188       0x20 ./Core/Src/traffic_led.o
 .debug_ranges  0x00000000000001a8       0x20 ./Core/Startup/startup_stm32f103rbtx.o
 .debug_ranges  0x00000000000001c8       0xd0 ./Drivers/STM32F1xx_HAL_Driver/Src/stm32f1xx_hal.o
 .debug_ranges  0x0000000000000298       0xf0 ./Drivers/STM32F1xx_HAL_Driver/Src/stm32f1xx_hal_cortex.o
 .debug_ranges  0x0000000000000388       0x48 ./Drivers/STM32F1xx_HAL_Driver/Src/stm32f1xx_hal_gpio.o
 .debug_ranges  0x00000000000003d0       0x80 ./Drivers/STM32F1xx_HAL_Driver/Src/stm32f1xx_hal_rcc.o
 .debug_ranges  0x0000000000000450      0x3c0 ./Drivers/STM32F1xx_HAL_Driver/Src/stm32f1xx_hal_tim.o
 .debug_ranges  0x0000000000000810      0x158 ./Drivers/STM32F1xx_HAL_Driver/Src/stm32f1xx_hal_tim_ex.o

.debug_macro    0x0000000000000000    0x16d32
 .debug_macro   0x0000000000000000      0x1c5 ./Core/Src/button.o
 .debug_macro   0x00000000000001c5      0xa9c ./Core/Src/button.o
 .debug_macro   0x0000000000000c61       0x70 ./Core/Src/button.o
 .debug_macro   0x0000000000000cd1      0x215 ./Core/Src/button.o
 .debug_macro   0x0000000000000ee6       0x2e ./Core/Src/button.o
 .debug_macro   0x0000000000000f14       0x22 ./Core/Src/button.o
 .debug_macro   0x0000000000000f36       0x22 ./Core/Src/button.o
 .debug_macro   0x0000000000000f58       0x8e ./Core/Src/button.o
 .debug_macro   0x0000000000000fe6       0x51 ./Core/Src/button.o
 .debug_macro   0x0000000000001037      0x103 ./Core/Src/button.o
 .debug_macro   0x000000000000113a       0x6a ./Core/Src/button.o
 .debug_macro   0x00000000000011a4      0x1df ./Core/Src/button.o
 .debug_macro   0x0000000000001383       0x1c ./Core/Src/button.o
 .debug_macro   0x000000000000139f       0x22 ./Core/Src/button.o
 .debug_macro   0x00000000000013c1       0xc3 ./Core/Src/button.o
 .debug_macro   0x0000000000001484      0xd23 ./Core/Src/button.o
 .debug_macro   0x00000000000021a7     0xe09e ./Core/Src/button.o
 .debug_macro   0x0000000000010245       0x6d ./Core/Src/button.o
 .debug_macro   0x00000000000102b2     0x3468 ./Core/Src/button.o
 .debug_macro   0x000000000001371a      0x174 ./Core/Src/button.o
 .debug_macro   0x000000000001388e       0x5c ./Core/Src/button.o
 .debug_macro   0x00000000000138ea      0x5be ./Core/Src/button.o
 .debug_macro   0x0000000000013ea8      0x289 ./Core/Src/button.o
 .debug_macro   0x0000000000014131      0x1cb ./Core/Src/button.o
 .debug_macro   0x00000000000142fc      0x114 ./Core/Src/button.o
 .debug_macro   0x0000000000014410      0x1b2 ./Core/Src/button.o
 .debug_macro   0x00000000000145c2       0x27 ./Core/Src/button.o
 .debug_macro   0x00000000000145e9      0x136 ./Core/Src/button.o
 .debug_macro   0x000000000001471f      0x1bc ./Core/Src/button.o
 .debug_macro   0x00000000000148db       0x34 ./Core/Src/button.o
 .debug_macro   0x000000000001490f       0x3c ./Core/Src/button.o
 .debug_macro   0x000000000001494b       0x57 ./Core/Src/button.o
 .debug_macro   0x00000000000149a2       0x88 ./Core/Src/button.o
 .debug_macro   0x0000000000014a2a      0x241 ./Core/Src/button.o
 .debug_macro   0x0000000000014c6b      0x141 ./Core/Src/button.o
 .debug_macro   0x0000000000014dac      0x8d1 ./Core/Src/button.o
 .debug_macro   0x000000000001567d       0x83 ./Core/Src/button.o
 .debug_macro   0x0000000000015700       0x88 ./Core/Src/button.o
 .debug_macro   0x0000000000015788      0x1d9 ./Core/Src/fsm_traffic.o
 .debug_macro   0x0000000000015961       0x1a ./Core/Src/global.o
 .debug_macro   0x000000000001597b      0x1fc ./Core/Src/main.o
 .debug_macro   0x0000000000015b77       0x22 ./Core/Src/main.o
 .debug_macro   0x0000000000015b99       0x7b ./Core/Src/scheduler.o
 .debug_macro   0x0000000000015c14      0x1a8 ./Core/Src/stm32f1xx_hal_msp.o
 .debug_macro   0x0000000000015dbc      0x1b2 ./Core/Src/stm32f1xx_it.o
 .debug_macro   0x0000000000015f6e      0x199 ./Core/Src/system_stm32f1xx.o
 .debug_macro   0x0000000000016107       0x24 ./Core/Src/timer.o
 .debug_macro   0x000000000001612b      0x1cf ./Core/Src/traffic_led.o
 .debug_macro   0x00000000000162fa      0x1bd ./Drivers/STM32F1xx_HAL_Driver/Src/stm32f1xx_hal.o
 .debug_macro   0x00000000000164b7      0x199 ./Drivers/STM32F1xx_HAL_Driver/Src/stm32f1xx_hal_cortex.o
 .debug_macro   0x0000000000016650      0x204 ./Drivers/STM32F1xx_HAL_Driver/Src/stm32f1xx_hal_gpio.o
 .debug_macro   0x0000000000016854      0x1ab ./Drivers/STM32F1xx_HAL_Driver/Src/stm32f1xx_hal_rcc.o
 .debug_macro   0x00000000000169ff      0x19a ./Drivers/STM32F1xx_HAL_Driver/Src/stm32f1xx_hal_tim.o
 .debug_macro   0x0000000000016b99      0x199 ./Drivers/STM32F1xx_HAL_Driver/Src/stm32f1xx_hal_tim_ex.o

.debug_line     0x0000000000000000     0xb3b3
 .debug_line    0x0000000000000000      0x806 ./Core/Src/button.o
 .debug_line    0x0000000000000806      0x85c ./Core/Src/fsm_traffic.o
 .debug_line    0x0000000000001062       0x4d ./Core/Src/global.o
 .debug_line    0x00000000000010af      0x878 ./Core/Src/main.o
 .debug_line    0x0000000000001927      0x58e ./Core/Src/scheduler.o
 .debug_line    0x0000000000001eb5      0x714 ./Core/Src/stm32f1xx_hal_msp.o
 .debug_line    0x00000000000025c9      0x767 ./Core/Src/stm32f1xx_it.o
 .debug_line    0x0000000000002d30      0x70b ./Core/Src/system_stm32f1xx.o
 .debug_line    0x000000000000343b      0x107 ./Core/Src/timer.o
 .debug_line    0x0000000000003542      0x73c ./Core/Src/traffic_led.o
 .debug_line    0x0000000000003c7e       0x87 ./Core/Startup/startup_stm32f103rbtx.o
 .debug_line    0x0000000000003d05      0x938 ./Drivers/STM32F1xx_HAL_Driver/Src/stm32f1xx_hal.o
 .debug_line    0x000000000000463d      0xb20 ./Drivers/STM32F1xx_HAL_Driver/Src/stm32f1xx_hal_cortex.o
 .debug_line    0x000000000000515d      0x9cf ./Drivers/STM32F1xx_HAL_Driver/Src/stm32f1xx_hal_gpio.o
 .debug_line    0x0000000000005b2c      0xd46 ./Drivers/STM32F1xx_HAL_Driver/Src/stm32f1xx_hal_rcc.o
 .debug_line    0x0000000000006872     0x32e1 ./Drivers/STM32F1xx_HAL_Driver/Src/stm32f1xx_hal_tim.o
 .debug_line    0x0000000000009b53     0x1860 ./Drivers/STM32F1xx_HAL_Driver/Src/stm32f1xx_hal_tim_ex.o

.debug_str      0x0000000000000000    0x84572
 .debug_str     0x0000000000000000    0x81948 ./Core/Src/button.o
                                      0x81ca1 (size before relaxing)
 .debug_str     0x0000000000081948       0x84 ./Core/Src/fsm_traffic.o
                                      0x81c7d (size before relaxing)
 .debug_str     0x00000000000819cc       0x15 ./Core/Src/global.o
                                       0x2f2a (size before relaxing)
 .debug_str     0x00000000000819e1      0x7c0 ./Core/Src/main.o
                                      0x824e7 (size before relaxing)
 .debug_str     0x00000000000821a1       0xdf ./Core/Src/scheduler.o
                                       0x3fb4 (size before relaxing)
 .debug_str     0x0000000000082280      0x308 ./Core/Src/stm32f1xx_hal_msp.o
                                      0x82269 (size before relaxing)
 .debug_str     0x0000000000082588       0xcd ./Core/Src/stm32f1xx_it.o
                                      0x81f21 (size before relaxing)
 .debug_str     0x0000000000082655       0x52 ./Core/Src/system_stm32f1xx.o
                                      0x8188c (size before relaxing)
 .debug_str     0x00000000000826a7       0x62 ./Core/Src/timer.o
                                       0x2fb1 (size before relaxing)
 .debug_str     0x0000000000082709       0x5b ./Core/Src/traffic_led.o
                                      0x81cae (size before relaxing)
 .debug_str     0x0000000000082764       0x36 ./Core/Startup/startup_stm32f103rbtx.o
                                         0x6c (size before relaxing)
 .debug_str     0x000000000008279a      0x304 ./Drivers/STM32F1xx_HAL_Driver/Src/stm32f1xx_hal.o
                                      0x81f1d (size before relaxing)
 .debug_str     0x0000000000082a9e      0x300 ./Drivers/STM32F1xx_HAL_Driver/Src/stm32f1xx_hal_cortex.o
                                      0x81f25 (size before relaxing)
 .debug_str     0x0000000000082d9e      0x324 ./Drivers/STM32F1xx_HAL_Driver/Src/stm32f1xx_hal_gpio.o
                                      0x81c50 (size before relaxing)
 .debug_str     0x00000000000830c2      0x24f ./Drivers/STM32F1xx_HAL_Driver/Src/stm32f1xx_hal_rcc.o
                                      0x81c89 (size before relaxing)
 .debug_str     0x0000000000083311      0xd73 ./Drivers/STM32F1xx_HAL_Driver/Src/stm32f1xx_hal_tim.o
                                      0x82c5b (size before relaxing)
 .debug_str     0x0000000000084084      0x4ee ./Drivers/STM32F1xx_HAL_Driver/Src/stm32f1xx_hal_tim_ex.o
                                      0x8240c (size before relaxing)

.comment        0x0000000000000000       0x53
 .comment       0x0000000000000000       0x53 ./Core/Src/button.o
                                         0x54 (size before relaxing)
 .comment       0x0000000000000053       0x54 ./Core/Src/fsm_traffic.o
 .comment       0x0000000000000053       0x54 ./Core/Src/global.o
 .comment       0x0000000000000053       0x54 ./Core/Src/main.o
 .comment       0x0000000000000053       0x54 ./Core/Src/scheduler.o
 .comment       0x0000000000000053       0x54 ./Core/Src/stm32f1xx_hal_msp.o
 .comment       0x0000000000000053       0x54 ./Core/Src/stm32f1xx_it.o
 .comment       0x0000000000000053       0x54 ./Core/Src/system_stm32f1xx.o
 .comment       0x0000000000000053       0x54 ./Core/Src/timer.o
 .comment       0x0000000000000053       0x54 ./Core/Src/traffic_led.o
 .comment       0x0000000000000053       0x54 ./Drivers/STM32F1xx_HAL_Driver/Src/stm32f1xx_hal.o
 .comment       0x0000000000000053       0x54 ./Drivers/STM32F1xx_HAL_Driver/Src/stm32f1xx_hal_cortex.o
 .comment       0x0000000000000053       0x54 ./Drivers/STM32F1xx_HAL_Driver/Src/stm32f1xx_hal_gpio.o
 .comment       0x0000000000000053       0x54 ./Drivers/STM32F1xx_HAL_Driver/Src/stm32f1xx_hal_rcc.o
 .comment       0x0000000000000053       0x54 ./Drivers/STM32F1xx_HAL_Driver/Src/stm32f1xx_hal_tim.o
 .comment       0x0000000000000053       0x54 ./Drivers/STM32F1xx_HAL_Driver/Src/stm32f1xx_hal_tim_ex.o

.debug_frame    0x0000000000000000     0x2958
 .debug_frame   0x0000000000000000       0xd0 ./Core/Src/button.o
 .debug_frame   0x00000000000000d0       0x64 ./Core/Src/fsm_traffic.o
 .debug_frame   0x0000000000000134       0xf8 ./Core/Src/main.o
 .debug_frame   0x000000000000022c       0xcc ./Core/Src/scheduler.o
 .debug_frame   0x00000000000002f8       0xa4 ./Core/Src/stm32f1xx_hal_msp.o
 .debug_frame   0x000000000000039c      0x120 ./Core/Src/stm32f1xx_it.o
 .debug_frame   0x00000000000004bc       0x58 ./Core/Src/system_stm32f1xx.o
 .debug_frame   0x0000000000000514       0xd8 ./Core/Src/timer.o
 .debug_frame   0x00000000000005ec       0x6c ./Core/Src/traffic_led.o
 .debug_frame   0x0000000000000658      0x334 ./Drivers/STM32F1xx_HAL_Driver/Src/stm32f1xx_hal.o
 .debug_frame   0x000000000000098c      0x428 ./Drivers/STM32F1xx_HAL_Driver/Src/stm32f1xx_hal_cortex.o
 .debug_frame   0x0000000000000db4      0x14c ./Drivers/STM32F1xx_HAL_Driver/Src/stm32f1xx_hal_gpio.o
 .debug_frame   0x0000000000000f00      0x21c ./Drivers/STM32F1xx_HAL_Driver/Src/stm32f1xx_hal_rcc.o
 .debug_frame   0x000000000000111c     0x11b8 ./Drivers/STM32F1xx_HAL_Driver/Src/stm32f1xx_hal_tim.o
 .debug_frame   0x00000000000022d4      0x638 ./Drivers/STM32F1xx_HAL_Driver/Src/stm32f1xx_hal_tim_ex.o
 .debug_frame   0x000000000000290c       0x2c d:/stm32cubeide/stm32cubeide_1.7.0/stm32cubeide/plugins/com.st.stm32cube.ide.mcu.externaltools.gnu-tools-for-stm32.9-2020-q2-update.win32_2.0.0.202105311346/tools/bin/../lib/gcc/arm-none-eabi/9.3.1/../../../../arm-none-eabi/lib/thumb/v7-m/nofp\libc_nano.a(lib_a-init.o)
 .debug_frame   0x0000000000002938       0x20 d:/stm32cubeide/stm32cubeide_1.7.0/stm32cubeide/plugins/com.st.stm32cube.ide.mcu.externaltools.gnu-tools-for-stm32.9-2020-q2-update.win32_2.0.0.202105311346/tools/bin/../lib/gcc/arm-none-eabi/9.3.1/../../../../arm-none-eabi/lib/thumb/v7-m/nofp\libc_nano.a(lib_a-memset.o)
